Archive member included to satisfy reference by file (symbol)

c:/users/domen/appdata/roaming/gnu mcu eclipse/arm embedded gcc/8.3.1-1.1/bin/../lib/gcc/arm-none-eabi/8.3.1/../../../../arm-none-eabi/lib/thumb/v6-m/nofp\libc_nano.a(lib_a-exit.o)
                              c:/users/domen/appdata/roaming/gnu mcu eclipse/arm embedded gcc/8.3.1-1.1/bin/../lib/gcc/arm-none-eabi/8.3.1/../../../../arm-none-eabi/lib/thumb/v6-m/nofp/crt0.o (exit)
c:/users/domen/appdata/roaming/gnu mcu eclipse/arm embedded gcc/8.3.1-1.1/bin/../lib/gcc/arm-none-eabi/8.3.1/../../../../arm-none-eabi/lib/thumb/v6-m/nofp\libc_nano.a(lib_a-impure.o)
                              c:/users/domen/appdata/roaming/gnu mcu eclipse/arm embedded gcc/8.3.1-1.1/bin/../lib/gcc/arm-none-eabi/8.3.1/../../../../arm-none-eabi/lib/thumb/v6-m/nofp\libc_nano.a(lib_a-exit.o) (_global_impure_ptr)
c:/users/domen/appdata/roaming/gnu mcu eclipse/arm embedded gcc/8.3.1-1.1/bin/../lib/gcc/arm-none-eabi/8.3.1/../../../../arm-none-eabi/lib/thumb/v6-m/nofp\libc_nano.a(lib_a-init.o)
                              c:/users/domen/appdata/roaming/gnu mcu eclipse/arm embedded gcc/8.3.1-1.1/bin/../lib/gcc/arm-none-eabi/8.3.1/../../../../arm-none-eabi/lib/thumb/v6-m/nofp/crt0.o (__libc_init_array)
c:/users/domen/appdata/roaming/gnu mcu eclipse/arm embedded gcc/8.3.1-1.1/bin/../lib/gcc/arm-none-eabi/8.3.1/../../../../arm-none-eabi/lib/thumb/v6-m/nofp\libc_nano.a(lib_a-memset.o)
                              c:/users/domen/appdata/roaming/gnu mcu eclipse/arm embedded gcc/8.3.1-1.1/bin/../lib/gcc/arm-none-eabi/8.3.1/../../../../arm-none-eabi/lib/thumb/v6-m/nofp/crt0.o (memset)
c:/users/domen/appdata/roaming/gnu mcu eclipse/arm embedded gcc/8.3.1-1.1/bin/../lib/gcc/arm-none-eabi/8.3.1/../../../../arm-none-eabi/lib/thumb/v6-m/nofp\libnosys.a(_exit.o)
                              c:/users/domen/appdata/roaming/gnu mcu eclipse/arm embedded gcc/8.3.1-1.1/bin/../lib/gcc/arm-none-eabi/8.3.1/../../../../arm-none-eabi/lib/thumb/v6-m/nofp\libc_nano.a(lib_a-exit.o) (_exit)
c:/users/domen/appdata/roaming/gnu mcu eclipse/arm embedded gcc/8.3.1-1.1/bin/../lib/gcc/arm-none-eabi/8.3.1/thumb/v6-m/nofp\libgcc.a(_udivsi3.o)
                              build/stm32f0xx_hal_rcc.o (__aeabi_uidiv)
c:/users/domen/appdata/roaming/gnu mcu eclipse/arm embedded gcc/8.3.1-1.1/bin/../lib/gcc/arm-none-eabi/8.3.1/thumb/v6-m/nofp\libgcc.a(_dvmd_tls.o)
                              c:/users/domen/appdata/roaming/gnu mcu eclipse/arm embedded gcc/8.3.1-1.1/bin/../lib/gcc/arm-none-eabi/8.3.1/thumb/v6-m/nofp\libgcc.a(_udivsi3.o) (__aeabi_idiv0)

Allocating common symbols
Common symbol       size              file

uwTick              0x4               build/stm32f0xx_hal.o
pFlash              0x20              build/stm32f0xx_hal_flash.o

Discarded input sections

 .text          0x0000000000000000        0x0 c:/users/domen/appdata/roaming/gnu mcu eclipse/arm embedded gcc/8.3.1-1.1/bin/../lib/gcc/arm-none-eabi/8.3.1/thumb/v6-m/nofp/crti.o
 .data          0x0000000000000000        0x0 c:/users/domen/appdata/roaming/gnu mcu eclipse/arm embedded gcc/8.3.1-1.1/bin/../lib/gcc/arm-none-eabi/8.3.1/thumb/v6-m/nofp/crti.o
 .bss           0x0000000000000000        0x0 c:/users/domen/appdata/roaming/gnu mcu eclipse/arm embedded gcc/8.3.1-1.1/bin/../lib/gcc/arm-none-eabi/8.3.1/thumb/v6-m/nofp/crti.o
 .text          0x0000000000000000        0x0 c:/users/domen/appdata/roaming/gnu mcu eclipse/arm embedded gcc/8.3.1-1.1/bin/../lib/gcc/arm-none-eabi/8.3.1/thumb/v6-m/nofp/crtbegin.o
 .data          0x0000000000000000        0x0 c:/users/domen/appdata/roaming/gnu mcu eclipse/arm embedded gcc/8.3.1-1.1/bin/../lib/gcc/arm-none-eabi/8.3.1/thumb/v6-m/nofp/crtbegin.o
 .bss           0x0000000000000000        0x0 c:/users/domen/appdata/roaming/gnu mcu eclipse/arm embedded gcc/8.3.1-1.1/bin/../lib/gcc/arm-none-eabi/8.3.1/thumb/v6-m/nofp/crtbegin.o
 .data.__dso_handle
                0x0000000000000000        0x4 c:/users/domen/appdata/roaming/gnu mcu eclipse/arm embedded gcc/8.3.1-1.1/bin/../lib/gcc/arm-none-eabi/8.3.1/thumb/v6-m/nofp/crtbegin.o
 .text          0x0000000000000000       0x78 c:/users/domen/appdata/roaming/gnu mcu eclipse/arm embedded gcc/8.3.1-1.1/bin/../lib/gcc/arm-none-eabi/8.3.1/../../../../arm-none-eabi/lib/thumb/v6-m/nofp/crt0.o
 .data          0x0000000000000000        0x0 c:/users/domen/appdata/roaming/gnu mcu eclipse/arm embedded gcc/8.3.1-1.1/bin/../lib/gcc/arm-none-eabi/8.3.1/../../../../arm-none-eabi/lib/thumb/v6-m/nofp/crt0.o
 .bss           0x0000000000000000        0x0 c:/users/domen/appdata/roaming/gnu mcu eclipse/arm embedded gcc/8.3.1-1.1/bin/../lib/gcc/arm-none-eabi/8.3.1/../../../../arm-none-eabi/lib/thumb/v6-m/nofp/crt0.o
 .ARM.extab     0x0000000000000000        0x0 c:/users/domen/appdata/roaming/gnu mcu eclipse/arm embedded gcc/8.3.1-1.1/bin/../lib/gcc/arm-none-eabi/8.3.1/../../../../arm-none-eabi/lib/thumb/v6-m/nofp/crt0.o
[...]
Memory Configuration

Name             Origin             Length             Attributes
RAM              0x0000000020000000 0x0000000000002000 xrw
FLASH            0x0000000008000000 0x0000000000004000 xr
*default*        0x0000000000000000 0xffffffffffffffff

Linker script and memory map

LOAD c:/users/domen/appdata/roaming/gnu mcu eclipse/arm embedded gcc/8.3.1-1.1/bin/../lib/gcc/arm-none-eabi/8.3.1/thumb/v6-m/nofp/crti.o
LOAD c:/users/domen/appdata/roaming/gnu mcu eclipse/arm embedded gcc/8.3.1-1.1/bin/../lib/gcc/arm-none-eabi/8.3.1/thumb/v6-m/nofp/crtbegin.o
LOAD c:/users/domen/appdata/roaming/gnu mcu eclipse/arm embedded gcc/8.3.1-1.1/bin/../lib/gcc/arm-none-eabi/8.3.1/../../../../arm-none-eabi/lib/thumb/v6-m/nofp/crt0.o
LOAD build/gpio.o
LOAD build/stm32f0xx_it.o
LOAD build/stm32f0xx_hal_msp.o
LOAD build/stm32f0xx_hal_tim.o
LOAD build/stm32f0xx_hal_tim_ex.o
LOAD build/stm32f0xx_hal_rcc.o
LOAD build/stm32f0xx_hal_rcc_ex.o
LOAD build/stm32f0xx_hal.o
LOAD build/stm32f0xx_hal_i2c.o
LOAD build/stm32f0xx_hal_i2c_ex.o
LOAD build/stm32f0xx_hal_gpio.o
LOAD build/stm32f0xx_hal_dma.o
LOAD build/stm32f0xx_hal_cortex.o
LOAD build/stm32f0xx_hal_pwr.o
LOAD build/stm32f0xx_hal_pwr_ex.o
LOAD build/stm32f0xx_hal_flash.o
LOAD build/stm32f0xx_hal_flash_ex.o
LOAD build/system_stm32f0xx.o
LOAD build/startup_stm32f051x8.o
LOAD c:/users/domen/appdata/roaming/gnu mcu eclipse/arm embedded gcc/8.3.1-1.1/bin/../lib/gcc/arm-none-eabi/8.3.1/../../../../arm-none-eabi/lib/thumb/v6-m/nofp\libc_nano.a
LOAD c:/users/domen/appdata/roaming/gnu mcu eclipse/arm embedded gcc/8.3.1-1.1/bin/../lib/gcc/arm-none-eabi/8.3.1/../../../../arm-none-eabi/lib/thumb/v6-m/nofp\libm.a
LOAD c:/users/domen/appdata/roaming/gnu mcu eclipse/arm embedded gcc/8.3.1-1.1/bin/../lib/gcc/arm-none-eabi/8.3.1/../../../../arm-none-eabi/lib/thumb/v6-m/nofp\libnosys.a
LOAD Libs/main.o
START GROUP
LOAD c:/users/domen/appdata/roaming/gnu mcu eclipse/arm embedded gcc/8.3.1-1.1/bin/../lib/gcc/arm-none-eabi/8.3.1/thumb/v6-m/nofp\libgcc.a
LOAD c:/users/domen/appdata/roaming/gnu mcu eclipse/arm embedded gcc/8.3.1-1.1/bin/../lib/gcc/arm-none-eabi/8.3.1/../../../../arm-none-eabi/lib/thumb/v6-m/nofp\libc_nano.a
END GROUP
START GROUP
LOAD c:/users/domen/appdata/roaming/gnu mcu eclipse/arm embedded gcc/8.3.1-1.1/bin/../lib/gcc/arm-none-eabi/8.3.1/thumb/v6-m/nofp\libgcc.a
LOAD c:/users/domen/appdata/roaming/gnu mcu eclipse/arm embedded gcc/8.3.1-1.1/bin/../lib/gcc/arm-none-eabi/8.3.1/../../../../arm-none-eabi/lib/thumb/v6-m/nofp\libc_nano.a
END GROUP
LOAD c:/users/domen/appdata/roaming/gnu mcu eclipse/arm embedded gcc/8.3.1-1.1/bin/../lib/gcc/arm-none-eabi/8.3.1/thumb/v6-m/nofp/crtend.o
LOAD c:/users/domen/appdata/roaming/gnu mcu eclipse/arm embedded gcc/8.3.1-1.1/bin/../lib/gcc/arm-none-eabi/8.3.1/thumb/v6-m/nofp/crtn.o
                0x0000000020002000                _estack = 0x20002000
                0x0000000000000200                _Min_Heap_Size = 0x200
                0x0000000000000400                _Min_Stack_Size = 0x400

.isr_vector     0x0000000008000000       0xc0
                0x0000000008000000                . = ALIGN (0x4)
 *(.isr_vector)
 .isr_vector    0x0000000008000000       0xc0 build/startup_stm32f051x8.o
                0x0000000008000000                g_pfnVectors
                0x00000000080000c0                . = ALIGN (0x4)

.text           0x00000000080000c0     0x1058
                0x00000000080000c0                . = ALIGN (0x4)
 *(.text)
 .text          0x00000000080000c0      0x114 c:/users/domen/appdata/roaming/gnu mcu eclipse/arm embedded gcc/8.3.1-1.1/bin/../lib/gcc/arm-none-eabi/8.3.1/thumb/v6-m/nofp\libgcc.a(_udivsi3.o)
                0x00000000080000c0                __aeabi_uidiv
                0x00000000080000c0                __udivsi3
                0x00000000080001cc                __aeabi_uidivmod
 .text          0x00000000080001d4        0x4 c:/users/domen/appdata/roaming/gnu mcu eclipse/arm embedded gcc/8.3.1-1.1/bin/../lib/gcc/arm-none-eabi/8.3.1/thumb/v6-m/nofp\libgcc.a(_dvmd_tls.o)
                0x00000000080001d4                __aeabi_idiv0
                0x00000000080001d4                __aeabi_ldiv0
 *(.text*)
 .text.deregister_tm_clones
                0x00000000080001d8       0x20 c:/users/domen/appdata/roaming/gnu mcu eclipse/arm embedded gcc/8.3.1-1.1/bin/../lib/gcc/arm-none-eabi/8.3.1/thumb/v6-m/nofp/crtbegin.o
 .text.register_tm_clones
                0x00000000080001f8       0x28 c:/users/domen/appdata/roaming/gnu mcu eclipse/arm embedded gcc/8.3.1-1.1/bin/../lib/gcc/arm-none-eabi/8.3.1/thumb/v6-m/nofp/crtbegin.o
 .text.__do_global_dtors_aux
                0x0000000008000220       0x2c c:/users/domen/appdata/roaming/gnu mcu eclipse/arm embedded gcc/8.3.1-1.1/bin/../lib/gcc/arm-none-eabi/8.3.1/thumb/v6-m/nofp/crtbegin.o
 .text.frame_dummy
                0x000000000800024c       0x24 c:/users/domen/appdata/roaming/gnu mcu eclipse/arm embedded gcc/8.3.1-1.1/bin/../lib/gcc/arm-none-eabi/8.3.1/thumb/v6-m/nofp/crtbegin.o
 .text.MX_GPIO_Init
                0x0000000008000270       0x64 build/gpio.o
                0x0000000008000270                MX_GPIO_Init
 .text.NMI_Handler
                0x00000000080002d4        0x2 build/stm32f0xx_it.o
                0x00000000080002d4                NMI_Handler
 .text.HardFault_Handler
                0x00000000080002d6        0x2 build/stm32f0xx_it.o
                0x00000000080002d6                HardFault_Handler
 .text.SVC_Handler
                0x00000000080002d8        0x2 build/stm32f0xx_it.o
                0x00000000080002d8                SVC_Handler
 .text.PendSV_Handler
                0x00000000080002da        0x2 build/stm32f0xx_it.o
                0x00000000080002da                PendSV_Handler
 .text.SysTick_Handler
                0x00000000080002dc        0x8 build/stm32f0xx_it.o
                0x00000000080002dc                SysTick_Handler
 .text.HAL_MspInit
                0x00000000080002e4       0x30 build/stm32f0xx_hal_msp.o
                0x00000000080002e4                HAL_MspInit
 .text.HAL_RCC_OscConfig
                0x0000000008000314      0x5ec build/stm32f0xx_hal_rcc.o
                0x0000000008000314                HAL_RCC_OscConfig
 .text.HAL_RCC_GetSysClockFreq
                0x0000000008000900       0x70 build/stm32f0xx_hal_rcc.o
                0x0000000008000900                HAL_RCC_GetSysClockFreq
 .text.HAL_RCC_ClockConfig
                0x0000000008000970      0x20c build/stm32f0xx_hal_rcc.o
                0x0000000008000970                HAL_RCC_ClockConfig
 .text.HAL_RCC_GetHCLKFreq
                0x0000000008000b7c        0xc build/stm32f0xx_hal_rcc.o
                0x0000000008000b7c                HAL_RCC_GetHCLKFreq
 .text.HAL_InitTick
                0x0000000008000b88       0x24 build/stm32f0xx_hal.o
                0x0000000008000b88                HAL_InitTick
 .text.HAL_Init
                0x0000000008000bac       0x20 build/stm32f0xx_hal.o
                0x0000000008000bac                HAL_Init
 .text.HAL_IncTick
                0x0000000008000bcc       0x10 build/stm32f0xx_hal.o
                0x0000000008000bcc                HAL_IncTick
 .text.HAL_GetTick
                0x0000000008000bdc        0xc build/stm32f0xx_hal.o
                0x0000000008000bdc                HAL_GetTick
 .text.HAL_GPIO_Init
                0x0000000008000be8      0x280 build/stm32f0xx_hal_gpio.o
                0x0000000008000be8                HAL_GPIO_Init
 .text.HAL_GPIO_WritePin
                0x0000000008000e68       0x38 build/stm32f0xx_hal_gpio.o
                0x0000000008000e68                HAL_GPIO_WritePin
 .text.HAL_GPIO_TogglePin
                0x0000000008000ea0       0x20 build/stm32f0xx_hal_gpio.o
                0x0000000008000ea0                HAL_GPIO_TogglePin
 .text.HAL_NVIC_SetPriority
                0x0000000008000ec0       0x78 build/stm32f0xx_hal_cortex.o
                0x0000000008000ec0                HAL_NVIC_SetPriority
 .text.HAL_SYSTICK_Config
                0x0000000008000f38       0x38 build/stm32f0xx_hal_cortex.o
                0x0000000008000f38                HAL_SYSTICK_Config
 .text.SystemInit
                0x0000000008000f70       0x60 build/system_stm32f0xx.o
                0x0000000008000f70                SystemInit
 .text.Reset_Handler
                0x0000000008000fd0       0x50 build/startup_stm32f051x8.o
                0x0000000008000fd0                Reset_Handler
 .text.Default_Handler
                0x0000000008001020        0x2 build/startup_stm32f051x8.o
                0x0000000008001020                TIM1_CC_IRQHandler
                0x0000000008001020                TSC_IRQHandler
                0x0000000008001020                ADC1_COMP_IRQHandler
                0x0000000008001020                PVD_IRQHandler
                0x0000000008001020                I2C1_IRQHandler
                0x0000000008001020                RCC_CRS_IRQHandler
                0x0000000008001020                SPI1_IRQHandler
                0x0000000008001020                TIM6_DAC_IRQHandler
                0x0000000008001020                EXTI2_3_IRQHandler
                0x0000000008001020                I2C2_IRQHandler
                0x0000000008001020                TIM17_IRQHandler
                0x0000000008001020                CEC_CAN_IRQHandler
                0x0000000008001020                RTC_IRQHandler
                0x0000000008001020                TIM16_IRQHandler
                0x0000000008001020                TIM3_IRQHandler
                0x0000000008001020                EXTI4_15_IRQHandler
                0x0000000008001020                DMA1_Channel1_IRQHandler
                0x0000000008001020                Default_Handler
                0x0000000008001020                TIM14_IRQHandler
                0x0000000008001020                DMA1_Channel4_5_IRQHandler
                0x0000000008001020                TIM15_IRQHandler
                0x0000000008001020                EXTI0_1_IRQHandler
                0x0000000008001020                SPI2_IRQHandler
                0x0000000008001020                WWDG_IRQHandler
                0x0000000008001020                TIM2_IRQHandler
                0x0000000008001020                DMA1_Channel2_3_IRQHandler
                0x0000000008001020                USART2_IRQHandler
                0x0000000008001020                FLASH_IRQHandler
                0x0000000008001020                USART1_IRQHandler
                0x0000000008001020                TIM1_BRK_UP_TRG_COM_IRQHandler
 *fill*         0x0000000008001022        0x2 
 .text.__libc_init_array
                0x0000000008001024       0x48 c:/users/domen/appdata/roaming/gnu mcu eclipse/arm embedded gcc/8.3.1-1.1/bin/../lib/gcc/arm-none-eabi/8.3.1/../../../../arm-none-eabi/lib/thumb/v6-m/nofp\libc_nano.a(lib_a-init.o)
                0x0000000008001024                __libc_init_array
 .text.memset   0x000000000800106c       0x10 c:/users/domen/appdata/roaming/gnu mcu eclipse/arm embedded gcc/8.3.1-1.1/bin/../lib/gcc/arm-none-eabi/8.3.1/../../../../arm-none-eabi/lib/thumb/v6-m/nofp\libc_nano.a(lib_a-memset.o)
                0x000000000800106c                memset
 .text.SystemClock_Config
                0x000000000800107c       0x4a Libs/main.o
                0x000000000800107c                SystemClock_Config
 *fill*         0x00000000080010c6        0x2 
 .text.main     0x00000000080010c8       0x34 Libs/main.o
                0x00000000080010c8                main
 .text.assert_failed
                0x00000000080010fc        0x2 Libs/main.o
                0x00000000080010fc                assert_failed
 *(.glue_7)
 .glue_7        0x00000000080010fe        0x0 linker stubs
 *(.glue_7t)
 .glue_7t       0x00000000080010fe        0x0 linker stubs
 *(.eh_frame)
 *fill*         0x00000000080010fe        0x2 
 .eh_frame      0x0000000008001100        0x0 c:/users/domen/appdata/roaming/gnu mcu eclipse/arm embedded gcc/8.3.1-1.1/bin/../lib/gcc/arm-none-eabi/8.3.1/thumb/v6-m/nofp/crtbegin.o
 *(.init)
 .init          0x0000000008001100        0x4 c:/users/domen/appdata/roaming/gnu mcu eclipse/arm embedded gcc/8.3.1-1.1/bin/../lib/gcc/arm-none-eabi/8.3.1/thumb/v6-m/nofp/crti.o
                0x0000000008001100                _init
 .init          0x0000000008001104        0x8 c:/users/domen/appdata/roaming/gnu mcu eclipse/arm embedded gcc/8.3.1-1.1/bin/../lib/gcc/arm-none-eabi/8.3.1/thumb/v6-m/nofp/crtn.o
 *(.fini)
 .fini          0x000000000800110c        0x4 c:/users/domen/appdata/roaming/gnu mcu eclipse/arm embedded gcc/8.3.1-1.1/bin/../lib/gcc/arm-none-eabi/8.3.1/thumb/v6-m/nofp/crti.o
                0x000000000800110c                _fini
 .fini          0x0000000008001110        0x8 c:/users/domen/appdata/roaming/gnu mcu eclipse/arm embedded gcc/8.3.1-1.1/bin/../lib/gcc/arm-none-eabi/8.3.1/thumb/v6-m/nofp/crtn.o
                0x0000000008001118                . = ALIGN (0x4)
                0x0000000008001118                _etext = .

.vfp11_veneer   0x0000000008001118        0x0
 .vfp11_veneer  0x0000000008001118        0x0 linker stubs

.v4_bx          0x0000000008001118        0x0
 .v4_bx         0x0000000008001118        0x0 linker stubs

.iplt           0x0000000008001118        0x0
 .iplt          0x0000000008001118        0x0 c:/users/domen/appdata/roaming/gnu mcu eclipse/arm embedded gcc/8.3.1-1.1/bin/../lib/gcc/arm-none-eabi/8.3.1/thumb/v6-m/nofp/crtbegin.o

.rodata         0x0000000008001118       0xd8
                0x0000000008001118                . = ALIGN (0x4)
 *(.rodata)
 .rodata        0x0000000008001118       0x20 build/stm32f0xx_hal_rcc.o
 *(.rodata*)
 .rodata.HAL_RCC_OscConfig.str1.4
                0x0000000008001138       0x35 build/stm32f0xx_hal_rcc.o
 *fill*         0x000000000800116d        0x3 
 .rodata.HAL_GPIO_Init.str1.4
                0x0000000008001170       0x36 build/stm32f0xx_hal_gpio.o
 *fill*         0x00000000080011a6        0x2 
 .rodata.HAL_NVIC_SetPriority.str1.4
                0x00000000080011a8       0x38 build/stm32f0xx_hal_cortex.o
 .rodata.AHBPrescTable
                0x00000000080011e0       0x10 build/system_stm32f0xx.o
                0x00000000080011e0                AHBPrescTable
                0x00000000080011f0                . = ALIGN (0x4)

.rel.dyn        0x00000000080011f0        0x0
 .rel.iplt      0x00000000080011f0        0x0 c:/users/domen/appdata/roaming/gnu mcu eclipse/arm embedded gcc/8.3.1-1.1/bin/../lib/gcc/arm-none-eabi/8.3.1/thumb/v6-m/nofp/crtbegin.o

.ARM.extab
 *(.ARM.extab* .gnu.linkonce.armextab.*)

.ARM            0x00000000080011f0        0x0
                0x00000000080011f0                __exidx_start = .
 *(.ARM.exidx*)
                0x00000000080011f0                __exidx_end = .

.preinit_array  0x00000000080011f0        0x0
                0x00000000080011f0                PROVIDE (__preinit_array_start = .)
 *(.preinit_array*)
                0x00000000080011f0                PROVIDE (__preinit_array_end = .)

.init_array     0x00000000080011f0        0x4
                0x00000000080011f0                PROVIDE (__init_array_start = .)
 *(SORT_BY_NAME(.init_array.*))
 *(.init_array*)
 .init_array    0x00000000080011f0        0x4 c:/users/domen/appdata/roaming/gnu mcu eclipse/arm embedded gcc/8.3.1-1.1/bin/../lib/gcc/arm-none-eabi/8.3.1/thumb/v6-m/nofp/crtbegin.o
                0x00000000080011f4                PROVIDE (__init_array_end = .)

.fini_array     0x00000000080011f4        0x4
                [!provide]                        PROVIDE (__fini_array_start = .)
 *(SORT_BY_NAME(.fini_array.*))
 *(.fini_array*)
 .fini_array    0x00000000080011f4        0x4 c:/users/domen/appdata/roaming/gnu mcu eclipse/arm embedded gcc/8.3.1-1.1/bin/../lib/gcc/arm-none-eabi/8.3.1/thumb/v6-m/nofp/crtbegin.o
                [!provide]                        PROVIDE (__fini_array_end = .)
                0x00000000080011f8                _sidata = LOADADDR (.data)

.data           0x0000000020000000        0x4 load address 0x00000000080011f8
                0x0000000020000000                . = ALIGN (0x4)
                0x0000000020000000                _sdata = .
 *(.data)
 *(.data*)
 .data.SystemCoreClock
                0x0000000020000000        0x4 build/system_stm32f0xx.o
                0x0000000020000000                SystemCoreClock
                0x0000000020000004                . = ALIGN (0x4)
                0x0000000020000004                _edata = .

.tm_clone_table
                0x0000000020000004        0x0 load address 0x00000000080011fc
 .tm_clone_table
                0x0000000020000004        0x0 c:/users/domen/appdata/roaming/gnu mcu eclipse/arm embedded gcc/8.3.1-1.1/bin/../lib/gcc/arm-none-eabi/8.3.1/thumb/v6-m/nofp/crtbegin.o
 .tm_clone_table
                0x0000000020000004        0x0 c:/users/domen/appdata/roaming/gnu mcu eclipse/arm embedded gcc/8.3.1-1.1/bin/../lib/gcc/arm-none-eabi/8.3.1/thumb/v6-m/nofp/crtend.o

.igot.plt       0x0000000020000004        0x0 load address 0x00000000080011fc
 .igot.plt      0x0000000020000004        0x0 c:/users/domen/appdata/roaming/gnu mcu eclipse/arm embedded gcc/8.3.1-1.1/bin/../lib/gcc/arm-none-eabi/8.3.1/thumb/v6-m/nofp/crtbegin.o
                0x0000000020000004                . = ALIGN (0x4)

.bss            0x0000000020000004       0x20 load address 0x00000000080011fc
                0x0000000020000004                _sbss = .
                0x0000000020000004                __bss_start__ = _sbss
 *(.bss)
 *(.bss*)
 .bss.completed.6710
                0x0000000020000004        0x1 c:/users/domen/appdata/roaming/gnu mcu eclipse/arm embedded gcc/8.3.1-1.1/bin/../lib/gcc/arm-none-eabi/8.3.1/thumb/v6-m/nofp/crtbegin.o
 *fill*         0x0000000020000005        0x3 
 .bss.object.6715
                0x0000000020000008       0x18 c:/users/domen/appdata/roaming/gnu mcu eclipse/arm embedded gcc/8.3.1-1.1/bin/../lib/gcc/arm-none-eabi/8.3.1/thumb/v6-m/nofp/crtbegin.o
 *(COMMON)
 COMMON         0x0000000020000020        0x4 build/stm32f0xx_hal.o
                0x0000000020000020                uwTick
                0x0000000020000024                . = ALIGN (0x4)
                0x0000000020000024                _ebss = .
                0x0000000020000024                __bss_end__ = _ebss

._user_heap_stack
                0x0000000020000024      0x604 load address 0x00000000080011fc
                0x0000000020000028                . = ALIGN (0x8)
 *fill*         0x0000000020000024        0x4 
                [!provide]                        PROVIDE (end = .)
                [!provide]                        PROVIDE (_end = .)
                0x0000000020000228                . = (. + _Min_Heap_Size)
 *fill*         0x0000000020000028      0x200 
                0x0000000020000628                . = (. + _Min_Stack_Size)
 *fill*         0x0000000020000228      0x400 
                0x0000000020000628                . = ALIGN (0x8)

/DISCARD/
 libc.a(*)
 libm.a(*)
 libgcc.a(*)

.ARM.attributes
                0x0000000000000000       0x28
 *(.ARM.attributes)
 .ARM.attributes
                0x0000000000000000       0x1e c:/users/domen/appdata/roaming/gnu mcu eclipse/arm embedded gcc/8.3.1-1.1/bin/../lib/gcc/arm-none-eabi/8.3.1/thumb/v6-m/nofp/crti.o
 .ARM.attributes
                0x000000000000001e       0x2c c:/users/domen/appdata/roaming/gnu mcu eclipse/arm embedded gcc/8.3.1-1.1/bin/../lib/gcc/arm-none-eabi/8.3.1/thumb/v6-m/nofp/crtbegin.o
 .ARM.attributes
                0x000000000000004a       0x2c build/gpio.o
 .ARM.attributes
                0x0000000000000076       0x2c build/stm32f0xx_it.o
 .ARM.attributes
                0x00000000000000a2       0x2c build/stm32f0xx_hal_msp.o
 .ARM.attributes
                0x00000000000000ce       0x2c build/stm32f0xx_hal_rcc.o
 .ARM.attributes
                0x00000000000000fa       0x2c build/stm32f0xx_hal.o
 .ARM.attributes
                0x0000000000000126       0x2c build/stm32f0xx_hal_gpio.o
 .ARM.attributes
                0x0000000000000152       0x2c build/stm32f0xx_hal_cortex.o
 .ARM.attributes
                0x000000000000017e       0x2c build/system_stm32f0xx.o
 .ARM.attributes
                0x00000000000001aa       0x21 build/startup_stm32f051x8.o
 .ARM.attributes
                0x00000000000001cb       0x2c c:/users/domen/appdata/roaming/gnu mcu eclipse/arm embedded gcc/8.3.1-1.1/bin/../lib/gcc/arm-none-eabi/8.3.1/../../../../arm-none-eabi/lib/thumb/v6-m/nofp\libc_nano.a(lib_a-init.o)
 .ARM.attributes
                0x00000000000001f7       0x2c c:/users/domen/appdata/roaming/gnu mcu eclipse/arm embedded gcc/8.3.1-1.1/bin/../lib/gcc/arm-none-eabi/8.3.1/../../../../arm-none-eabi/lib/thumb/v6-m/nofp\libc_nano.a(lib_a-memset.o)
 .ARM.attributes
                0x0000000000000223       0x31 Libs/main.o
 .ARM.attributes
                0x0000000000000254       0x1e c:/users/domen/appdata/roaming/gnu mcu eclipse/arm embedded gcc/8.3.1-1.1/bin/../lib/gcc/arm-none-eabi/8.3.1/thumb/v6-m/nofp\libgcc.a(_udivsi3.o)
 .ARM.attributes
                0x0000000000000272       0x1e c:/users/domen/appdata/roaming/gnu mcu eclipse/arm embedded gcc/8.3.1-1.1/bin/../lib/gcc/arm-none-eabi/8.3.1/thumb/v6-m/nofp\libgcc.a(_dvmd_tls.o)
 .ARM.attributes
                0x0000000000000290       0x2c c:/users/domen/appdata/roaming/gnu mcu eclipse/arm embedded gcc/8.3.1-1.1/bin/../lib/gcc/arm-none-eabi/8.3.1/thumb/v6-m/nofp/crtend.o
 .ARM.attributes
                0x00000000000002bc       0x1e c:/users/domen/appdata/roaming/gnu mcu eclipse/arm embedded gcc/8.3.1-1.1/bin/../lib/gcc/arm-none-eabi/8.3.1/thumb/v6-m/nofp/crtn.o
OUTPUT(build/STM32F051K4.elf elf32-littlearm)

.debug_info     0x0000000000000000     0x8d32
 .debug_info    0x0000000000000000      0xdc1 build/gpio.o
 .debug_info    0x0000000000000dc1      0xb0e build/stm32f0xx_it.o
 .debug_info    0x00000000000018cf      0xbcc build/stm32f0xx_hal_msp.o
 .debug_info    0x000000000000249b     0x1721 build/stm32f0xx_hal_rcc.o
 .debug_info    0x0000000000003bbc     0x10db build/stm32f0xx_hal.o
 .debug_info    0x0000000000004c97     0x12c3 build/stm32f0xx_hal_gpio.o
 .debug_info    0x0000000000005f5a     0x138b build/stm32f0xx_hal_cortex.o
 .debug_info    0x00000000000072e5      0xc2f build/system_stm32f0xx.o
 .debug_info    0x0000000000007f14       0x22 build/startup_stm32f051x8.o
 .debug_info    0x0000000000007f36      0xdfc Libs/main.o

.debug_abbrev   0x0000000000000000     0x1828
 .debug_abbrev  0x0000000000000000      0x24b build/gpio.o
 .debug_abbrev  0x000000000000024b      0x1ea build/stm32f0xx_it.o
 .debug_abbrev  0x0000000000000435      0x1ec build/stm32f0xx_hal_msp.o
 .debug_abbrev  0x0000000000000621      0x30a build/stm32f0xx_hal_rcc.o
 .debug_abbrev  0x000000000000092b      0x320 build/stm32f0xx_hal.o
 .debug_abbrev  0x0000000000000c4b      0x329 build/stm32f0xx_hal_gpio.o
 .debug_abbrev  0x0000000000000f74      0x3d9 build/stm32f0xx_hal_cortex.o
 .debug_abbrev  0x000000000000134d      0x21a build/system_stm32f0xx.o
 .debug_abbrev  0x0000000000001567       0x12 build/startup_stm32f051x8.o
 .debug_abbrev  0x0000000000001579      0x2af Libs/main.o

.debug_loc      0x0000000000000000     0x17f4
 .debug_loc     0x0000000000000000       0x2c build/gpio.o
 .debug_loc     0x000000000000002c       0x20 build/stm32f0xx_it.o
 .debug_loc     0x000000000000004c       0x20 build/stm32f0xx_hal_msp.o
 .debug_loc     0x000000000000006c      0x7e3 build/stm32f0xx_hal_rcc.o
 .debug_loc     0x000000000000084f      0x118 build/stm32f0xx_hal.o
 .debug_loc     0x0000000000000967      0x6e0 build/stm32f0xx_hal_gpio.o
 .debug_loc     0x0000000000001047      0x590 build/stm32f0xx_hal_cortex.o
 .debug_loc     0x00000000000015d7      0x187 build/system_stm32f0xx.o
 .debug_loc     0x000000000000175e       0x96 Libs/main.o

.debug_aranges  0x0000000000000000      0x310
 .debug_aranges
                0x0000000000000000       0x20 build/gpio.o
 .debug_aranges
                0x0000000000000020       0x40 build/stm32f0xx_it.o
 .debug_aranges
                0x0000000000000060       0x20 build/stm32f0xx_hal_msp.o
 .debug_aranges
                0x0000000000000080       0x80 build/stm32f0xx_hal_rcc.o
 .debug_aranges
                0x0000000000000100       0xb8 build/stm32f0xx_hal.o
 .debug_aranges
                0x00000000000001b8       0x58 build/stm32f0xx_hal_gpio.o
 .debug_aranges
                0x0000000000000210       0x78 build/stm32f0xx_hal_cortex.o
 .debug_aranges
                0x0000000000000288       0x28 build/system_stm32f0xx.o
 .debug_aranges
                0x00000000000002b0       0x28 build/startup_stm32f051x8.o
 .debug_aranges
                0x00000000000002d8       0x38 Libs/main.o

.debug_ranges   0x0000000000000000      0x2d8
 .debug_ranges  0x0000000000000000       0x10 build/gpio.o
 .debug_ranges  0x0000000000000010       0x30 build/stm32f0xx_it.o
 .debug_ranges  0x0000000000000040       0x10 build/stm32f0xx_hal_msp.o
 .debug_ranges  0x0000000000000050       0x88 build/stm32f0xx_hal_rcc.o
 .debug_ranges  0x00000000000000d8       0xa8 build/stm32f0xx_hal.o
 .debug_ranges  0x0000000000000180       0x48 build/stm32f0xx_hal_gpio.o
 .debug_ranges  0x00000000000001c8       0xb0 build/stm32f0xx_hal_cortex.o
 .debug_ranges  0x0000000000000278       0x18 build/system_stm32f0xx.o
 .debug_ranges  0x0000000000000290       0x20 build/startup_stm32f051x8.o
 .debug_ranges  0x00000000000002b0       0x28 Libs/main.o

.debug_line     0x0000000000000000     0x2d73
 .debug_line    0x0000000000000000      0x29b build/gpio.o
 .debug_line    0x000000000000029b      0x2a4 build/stm32f0xx_it.o
 .debug_line    0x000000000000053f      0x238 build/stm32f0xx_hal_msp.o
 .debug_line    0x0000000000000777      0xcdd build/stm32f0xx_hal_rcc.o
 .debug_line    0x0000000000001454      0x50e build/stm32f0xx_hal.o
 .debug_line    0x0000000000001962      0x735 build/stm32f0xx_hal_gpio.o
 .debug_line    0x0000000000002097      0x616 build/stm32f0xx_hal_cortex.o
 .debug_line    0x00000000000026ad      0x329 build/system_stm32f0xx.o
 .debug_line    0x00000000000029d6       0x78 build/startup_stm32f051x8.o
 .debug_line    0x0000000000002a4e      0x325 Libs/main.o

.debug_str      0x0000000000000000     0x1289
 .debug_str     0x0000000000000000      0x67e build/gpio.o
                                        0x6fc (size before relaxing)
 .debug_str     0x000000000000067e       0x6d build/stm32f0xx_it.o
                                        0x61d (size before relaxing)
 .debug_str     0x00000000000006eb       0x29 build/stm32f0xx_hal_msp.o
                                        0x633 (size before relaxing)
 .debug_str     0x0000000000000714      0x37e build/stm32f0xx_hal_rcc.o
                                        0xa1b (size before relaxing)
 .debug_str     0x0000000000000a92      0x380 build/stm32f0xx_hal.o
                                        0xa39 (size before relaxing)
 .debug_str     0x0000000000000e12      0x123 build/stm32f0xx_hal_gpio.o
                                        0x842 (size before relaxing)
 .debug_str     0x0000000000000f35      0x1f5 build/stm32f0xx_hal_cortex.o
                                        0xa4f (size before relaxing)
 .debug_str     0x000000000000112a       0x5c build/system_stm32f0xx.o
                                        0x65f (size before relaxing)
 .debug_str     0x0000000000001186       0x24 build/startup_stm32f051x8.o
                                         0x63 (size before relaxing)
 .debug_str     0x00000000000011aa       0xdf Libs/main.o
                                        0x7ed (size before relaxing)

.comment        0x0000000000000000       0xd3
 .comment       0x0000000000000000       0x62 build/gpio.o
                                         0x63 (size before relaxing)
 .comment       0x0000000000000062       0x63 build/stm32f0xx_it.o
 .comment       0x0000000000000062       0x63 build/stm32f0xx_hal_msp.o
 .comment       0x0000000000000062       0x63 build/stm32f0xx_hal_rcc.o
 .comment       0x0000000000000062       0x63 build/stm32f0xx_hal.o
 .comment       0x0000000000000062       0x63 build/stm32f0xx_hal_gpio.o
 .comment       0x0000000000000062       0x63 build/stm32f0xx_hal_cortex.o
 .comment       0x0000000000000062       0x63 build/system_stm32f0xx.o
 .comment       0x0000000000000062       0x71 Libs/main.o
                                         0x72 (size before relaxing)

.debug_frame    0x0000000000000000      0x6fc
 .debug_frame   0x0000000000000000       0x2c build/gpio.o
 .debug_frame   0x000000000000002c       0x6c build/stm32f0xx_it.o
 .debug_frame   0x0000000000000098       0x24 build/stm32f0xx_hal_msp.o
 .debug_frame   0x00000000000000bc      0x158 build/stm32f0xx_hal_rcc.o
 .debug_frame   0x0000000000000214      0x184 build/stm32f0xx_hal.o
 .debug_frame   0x0000000000000398      0x120 build/stm32f0xx_hal_gpio.o
 .debug_frame   0x00000000000004b8      0x134 build/stm32f0xx_hal_cortex.o
 .debug_frame   0x00000000000005ec       0x3c build/system_stm32f0xx.o
 .debug_frame   0x0000000000000628       0x2c c:/users/domen/appdata/roaming/gnu mcu eclipse/arm embedded gcc/8.3.1-1.1/bin/../lib/gcc/arm-none-eabi/8.3.1/../../../../arm-none-eabi/lib/thumb/v6-m/nofp\libc_nano.a(lib_a-init.o)
 .debug_frame   0x0000000000000654       0x20 c:/users/domen/appdata/roaming/gnu mcu eclipse/arm embedded gcc/8.3.1-1.1/bin/../lib/gcc/arm-none-eabi/8.3.1/../../../../arm-none-eabi/lib/thumb/v6-m/nofp\libc_nano.a(lib_a-memset.o)
 .debug_frame   0x0000000000000674       0x68 Libs/main.o
 .debug_frame   0x00000000000006dc       0x20 c:/users/domen/appdata/roaming/gnu mcu eclipse/arm embedded gcc/8.3.1-1.1/bin/../lib/gcc/arm-none-eabi/8.3.1/thumb/v6-m/nofp\libgcc.a(_udivsi3.o)

Cross Reference Table

Symbol                                            File
ADC1_COMP_IRQHandler                              build/startup_stm32f051x8.o
AHBPrescTable                                     build/system_stm32f0xx.o
                                                  build/stm32f0xx_hal_rcc.o
APBPrescTable                                     build/system_stm32f0xx.o
                                                  build/stm32f0xx_hal_rcc.o
CEC_CAN_IRQHandler                                build/startup_stm32f051x8.o
DMA1_Channel1_IRQHandler                          build/startup_stm32f051x8.o
DMA1_Channel2_3_IRQHandler                        build/startup_stm32f051x8.o
DMA1_Channel4_5_IRQHandler                        build/startup_stm32f051x8.o
Default_Handler                                   build/startup_stm32f051x8.o
EXTI0_1_IRQHandler                                build/startup_stm32f051x8.o
EXTI2_3_IRQHandler                                build/startup_stm32f051x8.o
EXTI4_15_IRQHandler                               build/startup_stm32f051x8.o
Error_Handler                                     Libs/main.o
FLASH_IRQHandler                                  build/startup_stm32f051x8.o
FLASH_PageErase                                   build/stm32f0xx_hal_flash_ex.o
                                                  build/stm32f0xx_hal_flash.o
FLASH_WaitForLastOperation                        build/stm32f0xx_hal_flash.o
                                                  build/stm32f0xx_hal_flash_ex.o
HAL_DBGMCU_DisableDBGStandbyMode                  build/stm32f0xx_hal.o
HAL_DBGMCU_DisableDBGStopMode                     build/stm32f0xx_hal.o
HAL_DBGMCU_EnableDBGStandbyMode                   build/stm32f0xx_hal.o
HAL_DBGMCU_EnableDBGStopMode                      build/stm32f0xx_hal.o
HAL_DMA_Abort                                     build/stm32f0xx_hal_dma.o
HAL_DMA_Abort_IT                                  build/stm32f0xx_hal_dma.o
                                                  build/stm32f0xx_hal_i2c.o
HAL_DMA_DeInit                                    build/stm32f0xx_hal_dma.o
HAL_DMA_GetError                                  build/stm32f0xx_hal_dma.o
HAL_DMA_GetState                                  build/stm32f0xx_hal_dma.o
HAL_DMA_IRQHandler                                build/stm32f0xx_hal_dma.o
HAL_DMA_Init                                      build/stm32f0xx_hal_dma.o
HAL_DMA_PollForTransfer                           build/stm32f0xx_hal_dma.o
HAL_DMA_RegisterCallback                          build/stm32f0xx_hal_dma.o
HAL_DMA_Start                                     build/stm32f0xx_hal_dma.o
HAL_DMA_Start_IT                                  build/stm32f0xx_hal_dma.o
                                                  build/stm32f0xx_hal_i2c.o
HAL_DMA_UnRegisterCallback                        build/stm32f0xx_hal_dma.o
HAL_DeInit                                        build/stm32f0xx_hal.o
HAL_Delay                                         build/stm32f0xx_hal.o
HAL_FLASHEx_Erase                                 build/stm32f0xx_hal_flash_ex.o
HAL_FLASHEx_Erase_IT                              build/stm32f0xx_hal_flash_ex.o
HAL_FLASHEx_OBErase                               build/stm32f0xx_hal_flash_ex.o
HAL_FLASHEx_OBGetConfig                           build/stm32f0xx_hal_flash_ex.o
HAL_FLASHEx_OBGetUserData                         build/stm32f0xx_hal_flash_ex.o
HAL_FLASHEx_OBProgram                             build/stm32f0xx_hal_flash_ex.o
HAL_FLASH_EndOfOperationCallback                  build/stm32f0xx_hal_flash.o
HAL_FLASH_GetError                                build/stm32f0xx_hal_flash.o
HAL_FLASH_IRQHandler                              build/stm32f0xx_hal_flash.o
HAL_FLASH_Lock                                    build/stm32f0xx_hal_flash.o
HAL_FLASH_OB_Launch                               build/stm32f0xx_hal_flash.o
HAL_FLASH_OB_Lock                                 build/stm32f0xx_hal_flash.o
HAL_FLASH_OB_Unlock                               build/stm32f0xx_hal_flash.o
HAL_FLASH_OperationErrorCallback                  build/stm32f0xx_hal_flash.o
HAL_FLASH_Program                                 build/stm32f0xx_hal_flash.o
HAL_FLASH_Program_IT                              build/stm32f0xx_hal_flash.o
HAL_FLASH_Unlock                                  build/stm32f0xx_hal_flash.o
HAL_GPIO_DeInit                                   build/stm32f0xx_hal_gpio.o
HAL_GPIO_EXTI_Callback                            build/stm32f0xx_hal_gpio.o
HAL_GPIO_EXTI_IRQHandler                          build/stm32f0xx_hal_gpio.o
HAL_GPIO_Init                                     build/stm32f0xx_hal_gpio.o
                                                  build/stm32f0xx_hal_rcc.o
                                                  build/gpio.o
HAL_GPIO_LockPin                                  build/stm32f0xx_hal_gpio.o
HAL_GPIO_ReadPin                                  build/stm32f0xx_hal_gpio.o
HAL_GPIO_TogglePin                                build/stm32f0xx_hal_gpio.o
                                                  Libs/main.o
HAL_GPIO_WritePin                                 build/stm32f0xx_hal_gpio.o
                                                  build/gpio.o
HAL_GetDEVID                                      build/stm32f0xx_hal.o
HAL_GetHalVersion                                 build/stm32f0xx_hal.o
HAL_GetREVID                                      build/stm32f0xx_hal.o
HAL_GetTick                                       build/stm32f0xx_hal.o
                                                  Libs/main.o
                                                  build/stm32f0xx_hal_flash.o
                                                  build/stm32f0xx_hal_dma.o
                                                  build/stm32f0xx_hal_i2c.o
                                                  build/stm32f0xx_hal_rcc_ex.o
                                                  build/stm32f0xx_hal_rcc.o
HAL_GetUIDw0                                      build/stm32f0xx_hal.o
HAL_GetUIDw1                                      build/stm32f0xx_hal.o
HAL_GetUIDw2                                      build/stm32f0xx_hal.o
HAL_I2CEx_ConfigAnalogFilter                      build/stm32f0xx_hal_i2c_ex.o
HAL_I2CEx_ConfigDigitalFilter                     build/stm32f0xx_hal_i2c_ex.o
HAL_I2CEx_DisableFastModePlus                     build/stm32f0xx_hal_i2c_ex.o
HAL_I2CEx_DisableWakeUp                           build/stm32f0xx_hal_i2c_ex.o
HAL_I2CEx_EnableFastModePlus                      build/stm32f0xx_hal_i2c_ex.o
HAL_I2CEx_EnableWakeUp                            build/stm32f0xx_hal_i2c_ex.o
HAL_I2C_AbortCpltCallback                         build/stm32f0xx_hal_i2c.o
HAL_I2C_AddrCallback                              build/stm32f0xx_hal_i2c.o
HAL_I2C_DeInit                                    build/stm32f0xx_hal_i2c.o
HAL_I2C_DisableListen_IT                          build/stm32f0xx_hal_i2c.o
HAL_I2C_ER_IRQHandler                             build/stm32f0xx_hal_i2c.o
HAL_I2C_EV_IRQHandler                             build/stm32f0xx_hal_i2c.o
HAL_I2C_EnableListen_IT                           build/stm32f0xx_hal_i2c.o
HAL_I2C_ErrorCallback                             build/stm32f0xx_hal_i2c.o
HAL_I2C_GetError                                  build/stm32f0xx_hal_i2c.o
HAL_I2C_GetMode                                   build/stm32f0xx_hal_i2c.o
HAL_I2C_GetState                                  build/stm32f0xx_hal_i2c.o
HAL_I2C_Init                                      build/stm32f0xx_hal_i2c.o
HAL_I2C_IsDeviceReady                             build/stm32f0xx_hal_i2c.o
HAL_I2C_ListenCpltCallback                        build/stm32f0xx_hal_i2c.o
HAL_I2C_MasterRxCpltCallback                      build/stm32f0xx_hal_i2c.o
HAL_I2C_MasterTxCpltCallback                      build/stm32f0xx_hal_i2c.o
HAL_I2C_Master_Abort_IT                           build/stm32f0xx_hal_i2c.o
HAL_I2C_Master_Receive                            build/stm32f0xx_hal_i2c.o
HAL_I2C_Master_Receive_DMA                        build/stm32f0xx_hal_i2c.o
HAL_I2C_Master_Receive_IT                         build/stm32f0xx_hal_i2c.o
HAL_I2C_Master_Sequential_Receive_IT              build/stm32f0xx_hal_i2c.o
HAL_I2C_Master_Sequential_Transmit_IT             build/stm32f0xx_hal_i2c.o
HAL_I2C_Master_Transmit                           build/stm32f0xx_hal_i2c.o
HAL_I2C_Master_Transmit_DMA                       build/stm32f0xx_hal_i2c.o
HAL_I2C_Master_Transmit_IT                        build/stm32f0xx_hal_i2c.o
HAL_I2C_MemRxCpltCallback                         build/stm32f0xx_hal_i2c.o
HAL_I2C_MemTxCpltCallback                         build/stm32f0xx_hal_i2c.o
HAL_I2C_Mem_Read                                  build/stm32f0xx_hal_i2c.o
HAL_I2C_Mem_Read_DMA                              build/stm32f0xx_hal_i2c.o
HAL_I2C_Mem_Read_IT                               build/stm32f0xx_hal_i2c.o
HAL_I2C_Mem_Write                                 build/stm32f0xx_hal_i2c.o
HAL_I2C_Mem_Write_DMA                             build/stm32f0xx_hal_i2c.o
HAL_I2C_Mem_Write_IT                              build/stm32f0xx_hal_i2c.o
HAL_I2C_MspDeInit                                 build/stm32f0xx_hal_i2c.o
HAL_I2C_MspInit                                   build/stm32f0xx_hal_i2c.o
HAL_I2C_SlaveRxCpltCallback                       build/stm32f0xx_hal_i2c.o
HAL_I2C_SlaveTxCpltCallback                       build/stm32f0xx_hal_i2c.o
HAL_I2C_Slave_Receive                             build/stm32f0xx_hal_i2c.o
HAL_I2C_Slave_Receive_DMA                         build/stm32f0xx_hal_i2c.o
HAL_I2C_Slave_Receive_IT                          build/stm32f0xx_hal_i2c.o
HAL_I2C_Slave_Sequential_Receive_IT               build/stm32f0xx_hal_i2c.o
HAL_I2C_Slave_Sequential_Transmit_IT              build/stm32f0xx_hal_i2c.o
HAL_I2C_Slave_Transmit                            build/stm32f0xx_hal_i2c.o
HAL_I2C_Slave_Transmit_DMA                        build/stm32f0xx_hal_i2c.o
HAL_I2C_Slave_Transmit_IT                         build/stm32f0xx_hal_i2c.o
HAL_IncTick                                       build/stm32f0xx_hal.o
                                                  build/stm32f0xx_it.o
HAL_Init                                          build/stm32f0xx_hal.o
                                                  Libs/main.o
HAL_InitTick                                      build/stm32f0xx_hal.o
                                                  build/stm32f0xx_hal_rcc.o
HAL_MspDeInit                                     build/stm32f0xx_hal.o
HAL_MspInit                                       build/stm32f0xx_hal_msp.o
HAL_NVIC_ClearPendingIRQ                          build/stm32f0xx_hal_cortex.o
HAL_NVIC_DisableIRQ                               build/stm32f0xx_hal_cortex.o
HAL_NVIC_EnableIRQ                                build/stm32f0xx_hal_cortex.o
HAL_NVIC_GetPendingIRQ                            build/stm32f0xx_hal_cortex.o
HAL_NVIC_GetPriority                              build/stm32f0xx_hal_cortex.o
HAL_NVIC_SetPendingIRQ                            build/stm32f0xx_hal_cortex.o
HAL_NVIC_SetPriority                              build/stm32f0xx_hal_cortex.o
                                                  build/stm32f0xx_hal.o
HAL_NVIC_SystemReset                              build/stm32f0xx_hal_cortex.o
HAL_PWR_ConfigPVD                                 build/stm32f0xx_hal_pwr_ex.o
HAL_PWR_DeInit                                    build/stm32f0xx_hal_pwr.o
HAL_PWR_DisableBkUpAccess                         build/stm32f0xx_hal_pwr.o
HAL_PWR_DisablePVD                                build/stm32f0xx_hal_pwr_ex.o
HAL_PWR_DisableSEVOnPend                          build/stm32f0xx_hal_pwr.o
HAL_PWR_DisableSleepOnExit                        build/stm32f0xx_hal_pwr.o
HAL_PWR_DisableWakeUpPin                          build/stm32f0xx_hal_pwr.o
HAL_PWR_EnableBkUpAccess                          build/stm32f0xx_hal_pwr.o
HAL_PWR_EnablePVD                                 build/stm32f0xx_hal_pwr_ex.o
HAL_PWR_EnableSEVOnPend                           build/stm32f0xx_hal_pwr.o
HAL_PWR_EnableSleepOnExit                         build/stm32f0xx_hal_pwr.o
HAL_PWR_EnableWakeUpPin                           build/stm32f0xx_hal_pwr.o
HAL_PWR_EnterSLEEPMode                            build/stm32f0xx_hal_pwr.o
HAL_PWR_EnterSTANDBYMode                          build/stm32f0xx_hal_pwr.o
HAL_PWR_EnterSTOPMode                             build/stm32f0xx_hal_pwr.o
HAL_PWR_PVDCallback                               build/stm32f0xx_hal_pwr_ex.o
HAL_PWR_PVD_IRQHandler                            build/stm32f0xx_hal_pwr_ex.o
HAL_RCCEx_GetPeriphCLKConfig                      build/stm32f0xx_hal_rcc_ex.o
HAL_RCCEx_GetPeriphCLKFreq                        build/stm32f0xx_hal_rcc_ex.o
HAL_RCCEx_PeriphCLKConfig                         build/stm32f0xx_hal_rcc_ex.o
HAL_RCC_CSSCallback                               build/stm32f0xx_hal_rcc.o
HAL_RCC_ClockConfig                               build/stm32f0xx_hal_rcc.o
                                                  Libs/main.o
HAL_RCC_DeInit                                    build/stm32f0xx_hal_rcc.o
HAL_RCC_DisableCSS                                build/stm32f0xx_hal_rcc.o
HAL_RCC_EnableCSS                                 build/stm32f0xx_hal_rcc.o
HAL_RCC_GetClockConfig                            build/stm32f0xx_hal_rcc.o
HAL_RCC_GetHCLKFreq                               build/stm32f0xx_hal_rcc.o
                                                  build/stm32f0xx_hal.o
HAL_RCC_GetOscConfig                              build/stm32f0xx_hal_rcc.o
HAL_RCC_GetPCLK1Freq                              build/stm32f0xx_hal_rcc.o
                                                  build/stm32f0xx_hal_rcc_ex.o
HAL_RCC_GetSysClockFreq                           build/stm32f0xx_hal_rcc.o
                                                  build/stm32f0xx_hal_rcc_ex.o
HAL_RCC_MCOConfig                                 build/stm32f0xx_hal_rcc.o
HAL_RCC_NMI_IRQHandler                            build/stm32f0xx_hal_rcc.o
HAL_RCC_OscConfig                                 build/stm32f0xx_hal_rcc.o
                                                  Libs/main.o
HAL_ResumeTick                                    build/stm32f0xx_hal.o
HAL_SYSTICK_CLKSourceConfig                       build/stm32f0xx_hal_cortex.o
HAL_SYSTICK_Callback                              build/stm32f0xx_hal_cortex.o
HAL_SYSTICK_Config                                build/stm32f0xx_hal_cortex.o
                                                  build/stm32f0xx_hal.o
HAL_SYSTICK_IRQHandler                            build/stm32f0xx_hal_cortex.o
HAL_SuspendTick                                   build/stm32f0xx_hal.o
HardFault_Handler                                 build/stm32f0xx_it.o
I2C1_IRQHandler                                   build/startup_stm32f051x8.o
I2C2_IRQHandler                                   build/startup_stm32f051x8.o
MX_GPIO_Init                                      build/gpio.o
                                                  Libs/main.o
NMI_Handler                                       build/stm32f0xx_it.o
PVD_IRQHandler                                    build/startup_stm32f051x8.o
PendSV_Handler                                    build/stm32f0xx_it.o
RCC_CRS_IRQHandler                                build/startup_stm32f051x8.o
RTC_IRQHandler                                    build/startup_stm32f051x8.o
Reset_Handler                                     build/startup_stm32f051x8.o
SPI1_IRQHandler                                   build/startup_stm32f051x8.o
SPI2_IRQHandler                                   build/startup_stm32f051x8.o
SVC_Handler                                       build/stm32f0xx_it.o
SysTick_Handler                                   build/stm32f0xx_it.o
SystemClock_Config                                Libs/main.o
SystemCoreClock                                   build/system_stm32f0xx.o
                                                  build/stm32f0xx_hal_rcc.o
SystemCoreClockUpdate                             build/system_stm32f0xx.o
SystemInit                                        build/system_stm32f0xx.o
                                                  build/startup_stm32f051x8.o
TIM14_IRQHandler                                  build/startup_stm32f051x8.o
TIM15_IRQHandler                                  build/startup_stm32f051x8.o
TIM16_IRQHandler                                  build/startup_stm32f051x8.o
TIM17_IRQHandler                                  build/startup_stm32f051x8.o
TIM1_BRK_UP_TRG_COM_IRQHandler                    build/startup_stm32f051x8.o
TIM1_CC_IRQHandler                                build/startup_stm32f051x8.o
TIM2_IRQHandler                                   build/startup_stm32f051x8.o
TIM3_IRQHandler                                   build/startup_stm32f051x8.o
TIM6_DAC_IRQHandler                               build/startup_stm32f051x8.o
TSC_IRQHandler                                    build/startup_stm32f051x8.o
USART1_IRQHandler                                 build/startup_stm32f051x8.o
USART2_IRQHandler                                 build/startup_stm32f051x8.o
WWDG_IRQHandler                                   build/startup_stm32f051x8.o
_ITM_deregisterTMCloneTable                       c:/users/domen/appdata/roaming/gnu mcu eclipse/arm embedded gcc/8.3.1-1.1/bin/../lib/gcc/arm-none-eabi/8.3.1/thumb/v6-m/nofp/crtbegin.o
_ITM_registerTMCloneTable                         c:/users/domen/appdata/roaming/gnu mcu eclipse/arm embedded gcc/8.3.1-1.1/bin/../lib/gcc/arm-none-eabi/8.3.1/thumb/v6-m/nofp/crtbegin.o
__TMC_END__                                       c:/users/domen/appdata/roaming/gnu mcu eclipse/arm embedded gcc/8.3.1-1.1/bin/../lib/gcc/arm-none-eabi/8.3.1/thumb/v6-m/nofp/crtend.o
                                                  c:/users/domen/appdata/roaming/gnu mcu eclipse/arm embedded gcc/8.3.1-1.1/bin/../lib/gcc/arm-none-eabi/8.3.1/thumb/v6-m/nofp/crtbegin.o
__aeabi_idiv0                                     c:/users/domen/appdata/roaming/gnu mcu eclipse/arm embedded gcc/8.3.1-1.1/bin/../lib/gcc/arm-none-eabi/8.3.1/thumb/v6-m/nofp\libgcc.a(_dvmd_tls.o)
                                                  c:/users/domen/appdata/roaming/gnu mcu eclipse/arm embedded gcc/8.3.1-1.1/bin/../lib/gcc/arm-none-eabi/8.3.1/thumb/v6-m/nofp\libgcc.a(_udivsi3.o)
__aeabi_ldiv0                                     c:/users/domen/appdata/roaming/gnu mcu eclipse/arm embedded gcc/8.3.1-1.1/bin/../lib/gcc/arm-none-eabi/8.3.1/thumb/v6-m/nofp\libgcc.a(_dvmd_tls.o)
__aeabi_uidiv                                     c:/users/domen/appdata/roaming/gnu mcu eclipse/arm embedded gcc/8.3.1-1.1/bin/../lib/gcc/arm-none-eabi/8.3.1/thumb/v6-m/nofp\libgcc.a(_udivsi3.o)
                                                  build/system_stm32f0xx.o
                                                  build/stm32f0xx_hal_dma.o
                                                  build/stm32f0xx_hal.o
                                                  build/stm32f0xx_hal_rcc.o
__aeabi_uidivmod                                  c:/users/domen/appdata/roaming/gnu mcu eclipse/arm embedded gcc/8.3.1-1.1/bin/../lib/gcc/arm-none-eabi/8.3.1/thumb/v6-m/nofp\libgcc.a(_udivsi3.o)
__bss_end__                                       c:/users/domen/appdata/roaming/gnu mcu eclipse/arm embedded gcc/8.3.1-1.1/bin/../lib/gcc/arm-none-eabi/8.3.1/../../../../arm-none-eabi/lib/thumb/v6-m/nofp/crt0.o
__bss_start__                                     c:/users/domen/appdata/roaming/gnu mcu eclipse/arm embedded gcc/8.3.1-1.1/bin/../lib/gcc/arm-none-eabi/8.3.1/../../../../arm-none-eabi/lib/thumb/v6-m/nofp/crt0.o
__call_exitprocs                                  c:/users/domen/appdata/roaming/gnu mcu eclipse/arm embedded gcc/8.3.1-1.1/bin/../lib/gcc/arm-none-eabi/8.3.1/../../../../arm-none-eabi/lib/thumb/v6-m/nofp\libc_nano.a(lib_a-exit.o)
__deregister_frame_info                           c:/users/domen/appdata/roaming/gnu mcu eclipse/arm embedded gcc/8.3.1-1.1/bin/../lib/gcc/arm-none-eabi/8.3.1/thumb/v6-m/nofp/crtbegin.o
__dso_handle                                      c:/users/domen/appdata/roaming/gnu mcu eclipse/arm embedded gcc/8.3.1-1.1/bin/../lib/gcc/arm-none-eabi/8.3.1/thumb/v6-m/nofp/crtbegin.o
__init_array_end                                  c:/users/domen/appdata/roaming/gnu mcu eclipse/arm embedded gcc/8.3.1-1.1/bin/../lib/gcc/arm-none-eabi/8.3.1/../../../../arm-none-eabi/lib/thumb/v6-m/nofp\libc_nano.a(lib_a-init.o)
__init_array_start                                c:/users/domen/appdata/roaming/gnu mcu eclipse/arm embedded gcc/8.3.1-1.1/bin/../lib/gcc/arm-none-eabi/8.3.1/../../../../arm-none-eabi/lib/thumb/v6-m/nofp\libc_nano.a(lib_a-init.o)
__libc_fini_array                                 c:/users/domen/appdata/roaming/gnu mcu eclipse/arm embedded gcc/8.3.1-1.1/bin/../lib/gcc/arm-none-eabi/8.3.1/../../../../arm-none-eabi/lib/thumb/v6-m/nofp/crt0.o
__libc_init_array                                 c:/users/domen/appdata/roaming/gnu mcu eclipse/arm embedded gcc/8.3.1-1.1/bin/../lib/gcc/arm-none-eabi/8.3.1/../../../../arm-none-eabi/lib/thumb/v6-m/nofp\libc_nano.a(lib_a-init.o)
                                                  build/startup_stm32f051x8.o
                                                  c:/users/domen/appdata/roaming/gnu mcu eclipse/arm embedded gcc/8.3.1-1.1/bin/../lib/gcc/arm-none-eabi/8.3.1/../../../../arm-none-eabi/lib/thumb/v6-m/nofp/crt0.o
__preinit_array_end                               c:/users/domen/appdata/roaming/gnu mcu eclipse/arm embedded gcc/8.3.1-1.1/bin/../lib/gcc/arm-none-eabi/8.3.1/../../../../arm-none-eabi/lib/thumb/v6-m/nofp\libc_nano.a(lib_a-init.o)
__preinit_array_start                             c:/users/domen/appdata/roaming/gnu mcu eclipse/arm embedded gcc/8.3.1-1.1/bin/../lib/gcc/arm-none-eabi/8.3.1/../../../../arm-none-eabi/lib/thumb/v6-m/nofp\libc_nano.a(lib_a-init.o)
__register_frame_info                             c:/users/domen/appdata/roaming/gnu mcu eclipse/arm embedded gcc/8.3.1-1.1/bin/../lib/gcc/arm-none-eabi/8.3.1/thumb/v6-m/nofp/crtbegin.o
__sf_fake_stderr                                  c:/users/domen/appdata/roaming/gnu mcu eclipse/arm embedded gcc/8.3.1-1.1/bin/../lib/gcc/arm-none-eabi/8.3.1/../../../../arm-none-eabi/lib/thumb/v6-m/nofp\libc_nano.a(lib_a-impure.o)
__sf_fake_stdin                                   c:/users/domen/appdata/roaming/gnu mcu eclipse/arm embedded gcc/8.3.1-1.1/bin/../lib/gcc/arm-none-eabi/8.3.1/../../../../arm-none-eabi/lib/thumb/v6-m/nofp\libc_nano.a(lib_a-impure.o)
__sf_fake_stdout                                  c:/users/domen/appdata/roaming/gnu mcu eclipse/arm embedded gcc/8.3.1-1.1/bin/../lib/gcc/arm-none-eabi/8.3.1/../../../../arm-none-eabi/lib/thumb/v6-m/nofp\libc_nano.a(lib_a-impure.o)
__stack                                           c:/users/domen/appdata/roaming/gnu mcu eclipse/arm embedded gcc/8.3.1-1.1/bin/../lib/gcc/arm-none-eabi/8.3.1/../../../../arm-none-eabi/lib/thumb/v6-m/nofp/crt0.o
__udivsi3                                         c:/users/domen/appdata/roaming/gnu mcu eclipse/arm embedded gcc/8.3.1-1.1/bin/../lib/gcc/arm-none-eabi/8.3.1/thumb/v6-m/nofp\libgcc.a(_udivsi3.o)
_ebss                                             build/startup_stm32f051x8.o
_edata                                            build/startup_stm32f051x8.o
_estack                                           build/startup_stm32f051x8.o
_exit                                             c:/users/domen/appdata/roaming/gnu mcu eclipse/arm embedded gcc/8.3.1-1.1/bin/../lib/gcc/arm-none-eabi/8.3.1/../../../../arm-none-eabi/lib/thumb/v6-m/nofp\libnosys.a(_exit.o)
                                                  c:/users/domen/appdata/roaming/gnu mcu eclipse/arm embedded gcc/8.3.1-1.1/bin/../lib/gcc/arm-none-eabi/8.3.1/../../../../arm-none-eabi/lib/thumb/v6-m/nofp\libc_nano.a(lib_a-exit.o)
_fini                                             c:/users/domen/appdata/roaming/gnu mcu eclipse/arm embedded gcc/8.3.1-1.1/bin/../lib/gcc/arm-none-eabi/8.3.1/thumb/v6-m/nofp/crti.o
_global_impure_ptr                                c:/users/domen/appdata/roaming/gnu mcu eclipse/arm embedded gcc/8.3.1-1.1/bin/../lib/gcc/arm-none-eabi/8.3.1/../../../../arm-none-eabi/lib/thumb/v6-m/nofp\libc_nano.a(lib_a-impure.o)
                                                  c:/users/domen/appdata/roaming/gnu mcu eclipse/arm embedded gcc/8.3.1-1.1/bin/../lib/gcc/arm-none-eabi/8.3.1/../../../../arm-none-eabi/lib/thumb/v6-m/nofp\libc_nano.a(lib_a-exit.o)
_impure_ptr                                       c:/users/domen/appdata/roaming/gnu mcu eclipse/arm embedded gcc/8.3.1-1.1/bin/../lib/gcc/arm-none-eabi/8.3.1/../../../../arm-none-eabi/lib/thumb/v6-m/nofp\libc_nano.a(lib_a-impure.o)
_init                                             c:/users/domen/appdata/roaming/gnu mcu eclipse/arm embedded gcc/8.3.1-1.1/bin/../lib/gcc/arm-none-eabi/8.3.1/thumb/v6-m/nofp/crti.o
                                                  c:/users/domen/appdata/roaming/gnu mcu eclipse/arm embedded gcc/8.3.1-1.1/bin/../lib/gcc/arm-none-eabi/8.3.1/../../../../arm-none-eabi/lib/thumb/v6-m/nofp\libc_nano.a(lib_a-init.o)
_mainCRTStartup                                   c:/users/domen/appdata/roaming/gnu mcu eclipse/arm embedded gcc/8.3.1-1.1/bin/../lib/gcc/arm-none-eabi/8.3.1/../../../../arm-none-eabi/lib/thumb/v6-m/nofp/crt0.o
_sbss                                             build/startup_stm32f051x8.o
_sdata                                            build/startup_stm32f051x8.o
_sidata                                           build/startup_stm32f051x8.o
_start                                            c:/users/domen/appdata/roaming/gnu mcu eclipse/arm embedded gcc/8.3.1-1.1/bin/../lib/gcc/arm-none-eabi/8.3.1/../../../../arm-none-eabi/lib/thumb/v6-m/nofp/crt0.o
assert_failed                                     Libs/main.o
                                                  build/stm32f0xx_hal_flash_ex.o
                                                  build/stm32f0xx_hal_flash.o
                                                  build/stm32f0xx_hal_pwr_ex.o
                                                  build/stm32f0xx_hal_pwr.o
                                                  build/stm32f0xx_hal_cortex.o
                                                  build/stm32f0xx_hal_dma.o
                                                  build/stm32f0xx_hal_gpio.o
                                                  build/stm32f0xx_hal_i2c_ex.o
                                                  build/stm32f0xx_hal_i2c.o
                                                  build/stm32f0xx_hal_rcc_ex.o
                                                  build/stm32f0xx_hal_rcc.o
atexit                                            c:/users/domen/appdata/roaming/gnu mcu eclipse/arm embedded gcc/8.3.1-1.1/bin/../lib/gcc/arm-none-eabi/8.3.1/../../../../arm-none-eabi/lib/thumb/v6-m/nofp/crt0.o
exit                                              c:/users/domen/appdata/roaming/gnu mcu eclipse/arm embedded gcc/8.3.1-1.1/bin/../lib/gcc/arm-none-eabi/8.3.1/../../../../arm-none-eabi/lib/thumb/v6-m/nofp\libc_nano.a(lib_a-exit.o)
                                                  c:/users/domen/appdata/roaming/gnu mcu eclipse/arm embedded gcc/8.3.1-1.1/bin/../lib/gcc/arm-none-eabi/8.3.1/../../../../arm-none-eabi/lib/thumb/v6-m/nofp/crt0.o
g_pfnVectors                                      build/startup_stm32f051x8.o
hardware_init_hook                                c:/users/domen/appdata/roaming/gnu mcu eclipse/arm embedded gcc/8.3.1-1.1/bin/../lib/gcc/arm-none-eabi/8.3.1/../../../../arm-none-eabi/lib/thumb/v6-m/nofp/crt0.o
main                                              Libs/main.o
                                                  build/startup_stm32f051x8.o
                                                  c:/users/domen/appdata/roaming/gnu mcu eclipse/arm embedded gcc/8.3.1-1.1/bin/../lib/gcc/arm-none-eabi/8.3.1/../../../../arm-none-eabi/lib/thumb/v6-m/nofp/crt0.o
memset                                            c:/users/domen/appdata/roaming/gnu mcu eclipse/arm embedded gcc/8.3.1-1.1/bin/../lib/gcc/arm-none-eabi/8.3.1/../../../../arm-none-eabi/lib/thumb/v6-m/nofp\libc_nano.a(lib_a-memset.o)
                                                  Libs/main.o
                                                  build/gpio.o
                                                  c:/users/domen/appdata/roaming/gnu mcu eclipse/arm embedded gcc/8.3.1-1.1/bin/../lib/gcc/arm-none-eabi/8.3.1/../../../../arm-none-eabi/lib/thumb/v6-m/nofp/crt0.o
pFlash                                            build/stm32f0xx_hal_flash.o
                                                  build/stm32f0xx_hal_flash_ex.o
software_init_hook                                c:/users/domen/appdata/roaming/gnu mcu eclipse/arm embedded gcc/8.3.1-1.1/bin/../lib/gcc/arm-none-eabi/8.3.1/../../../../arm-none-eabi/lib/thumb/v6-m/nofp/crt0.o
uwTick                                            build/stm32f0xx_hal.o
