Archive member included to satisfy reference by file (symbol)

c:/users/domen/appdata/roaming/gnu mcu eclipse/arm embedded gcc/7.3.1-1.1-20180724-0637/bin/../lib/gcc/arm-none-eabi/7.3.1/../../../../arm-none-eabi/lib/thumb/v6-m\libc_nano.a(lib_a-exit.o)
                              c:/users/domen/appdata/roaming/gnu mcu eclipse/arm embedded gcc/7.3.1-1.1-20180724-0637/bin/../lib/gcc/arm-none-eabi/7.3.1/../../../../arm-none-eabi/lib/thumb/v6-m/crt0.o (exit)
c:/users/domen/appdata/roaming/gnu mcu eclipse/arm embedded gcc/7.3.1-1.1-20180724-0637/bin/../lib/gcc/arm-none-eabi/7.3.1/../../../../arm-none-eabi/lib/thumb/v6-m\libc_nano.a(lib_a-impure.o)
                              c:/users/domen/appdata/roaming/gnu mcu eclipse/arm embedded gcc/7.3.1-1.1-20180724-0637/bin/../lib/gcc/arm-none-eabi/7.3.1/../../../../arm-none-eabi/lib/thumb/v6-m\libc_nano.a(lib_a-exit.o) (_global_impure_ptr)
c:/users/domen/appdata/roaming/gnu mcu eclipse/arm embedded gcc/7.3.1-1.1-20180724-0637/bin/../lib/gcc/arm-none-eabi/7.3.1/../../../../arm-none-eabi/lib/thumb/v6-m\libc_nano.a(lib_a-init.o)
                              c:/users/domen/appdata/roaming/gnu mcu eclipse/arm embedded gcc/7.3.1-1.1-20180724-0637/bin/../lib/gcc/arm-none-eabi/7.3.1/../../../../arm-none-eabi/lib/thumb/v6-m/crt0.o (__libc_init_array)
c:/users/domen/appdata/roaming/gnu mcu eclipse/arm embedded gcc/7.3.1-1.1-20180724-0637/bin/../lib/gcc/arm-none-eabi/7.3.1/../../../../arm-none-eabi/lib/thumb/v6-m\libc_nano.a(lib_a-memset.o)
                              c:/users/domen/appdata/roaming/gnu mcu eclipse/arm embedded gcc/7.3.1-1.1-20180724-0637/bin/../lib/gcc/arm-none-eabi/7.3.1/../../../../arm-none-eabi/lib/thumb/v6-m/crt0.o (memset)
c:/users/domen/appdata/roaming/gnu mcu eclipse/arm embedded gcc/7.3.1-1.1-20180724-0637/bin/../lib/gcc/arm-none-eabi/7.3.1/../../../../arm-none-eabi/lib/thumb/v6-m\libnosys.a(_exit.o)
                              c:/users/domen/appdata/roaming/gnu mcu eclipse/arm embedded gcc/7.3.1-1.1-20180724-0637/bin/../lib/gcc/arm-none-eabi/7.3.1/../../../../arm-none-eabi/lib/thumb/v6-m\libc_nano.a(lib_a-exit.o) (_exit)
c:/users/domen/appdata/roaming/gnu mcu eclipse/arm embedded gcc/7.3.1-1.1-20180724-0637/bin/../lib/gcc/arm-none-eabi/7.3.1/thumb/v6-m\libgcc.a(_udivsi3.o)
                              build/stm32f0xx_hal_rcc.o (__aeabi_uidiv)
c:/users/domen/appdata/roaming/gnu mcu eclipse/arm embedded gcc/7.3.1-1.1-20180724-0637/bin/../lib/gcc/arm-none-eabi/7.3.1/thumb/v6-m\libgcc.a(_dvmd_tls.o)
                              c:/users/domen/appdata/roaming/gnu mcu eclipse/arm embedded gcc/7.3.1-1.1-20180724-0637/bin/../lib/gcc/arm-none-eabi/7.3.1/thumb/v6-m\libgcc.a(_udivsi3.o) (__aeabi_idiv0)

Allocating common symbols
Common symbol       size              file

uwTick              0x4               build/stm32f0xx_hal.o
pFlash              0x20              build/stm32f0xx_hal_flash.o

Discarded input sections

 .text          0x0000000000000000        0x0 c:/users/domen/appdata/roaming/gnu mcu eclipse/arm embedded gcc/7.3.1-1.1-20180724-0637/bin/../lib/gcc/arm-none-eabi/7.3.1/thumb/v6-m/crti.o
 .data          0x0000000000000000        0x0 c:/users/domen/appdata/roaming/gnu mcu eclipse/arm embedded gcc/7.3.1-1.1-20180724-0637/bin/../lib/gcc/arm-none-eabi/7.3.1/thumb/v6-m/crti.o
 .bss           0x0000000000000000        0x0 c:/users/domen/appdata/roaming/gnu mcu eclipse/arm embedded gcc/7.3.1-1.1-20180724-0637/bin/../lib/gcc/arm-none-eabi/7.3.1/thumb/v6-m/crti.o
 .text          0x0000000000000000        0x0 c:/users/domen/appdata/roaming/gnu mcu eclipse/arm embedded gcc/7.3.1-1.1-20180724-0637/bin/../lib/gcc/arm-none-eabi/7.3.1/thumb/v6-m/crtbegin.o
 .data          0x0000000000000000        0x0 c:/users/domen/appdata/roaming/gnu mcu eclipse/arm embedded gcc/7.3.1-1.1-20180724-0637/bin/../lib/gcc/arm-none-eabi/7.3.1/thumb/v6-m/crtbegin.o
 .bss           0x0000000000000000        0x0 c:/users/domen/appdata/roaming/gnu mcu eclipse/arm embedded gcc/7.3.1-1.1-20180724-0637/bin/../lib/gcc/arm-none-eabi/7.3.1/thumb/v6-m/crtbegin.o
 .data.__dso_handle
                0x0000000000000000        0x4 c:/users/domen/appdata/roaming/gnu mcu eclipse/arm embedded gcc/7.3.1-1.1-20180724-0637/bin/../lib/gcc/arm-none-eabi/7.3.1/thumb/v6-m/crtbegin.o
 .text          0x0000000000000000       0x78 c:/users/domen/appdata/roaming/gnu mcu eclipse/arm embedded gcc/7.3.1-1.1-20180724-0637/bin/../lib/gcc/arm-none-eabi/7.3.1/../../../../arm-none-eabi/lib/thumb/v6-m/crt0.o
 .data          0x0000000000000000        0x0 c:/users/domen/appdata/roaming/gnu mcu eclipse/arm embedded gcc/7.3.1-1.1-20180724-0637/bin/../lib/gcc/arm-none-eabi/7.3.1/../../../../arm-none-eabi/lib/thumb/v6-m/crt0.o
 .bss           0x0000000000000000        0x0 c:/users/domen/appdata/roaming/gnu mcu eclipse/arm embedded gcc/7.3.1-1.1-20180724-0637/bin/../lib/gcc/arm-none-eabi/7.3.1/../../../../arm-none-eabi/lib/thumb/v6-m/crt0.o
[...]
Memory Configuration

Name             Origin             Length             Attributes
RAM              0x0000000020000000 0x0000000000002000 xrw
FLASH            0x0000000008000000 0x0000000000004000 xr
*default*        0x0000000000000000 0xffffffffffffffff

Linker script and memory map

LOAD c:/users/domen/appdata/roaming/gnu mcu eclipse/arm embedded gcc/7.3.1-1.1-20180724-0637/bin/../lib/gcc/arm-none-eabi/7.3.1/thumb/v6-m/crti.o
LOAD c:/users/domen/appdata/roaming/gnu mcu eclipse/arm embedded gcc/7.3.1-1.1-20180724-0637/bin/../lib/gcc/arm-none-eabi/7.3.1/thumb/v6-m/crtbegin.o
LOAD c:/users/domen/appdata/roaming/gnu mcu eclipse/arm embedded gcc/7.3.1-1.1-20180724-0637/bin/../lib/gcc/arm-none-eabi/7.3.1/../../../../arm-none-eabi/lib/thumb/v6-m/crt0.o
LOAD build/main.o
LOAD build/gpio.o
LOAD build/stm32f0xx_it.o
LOAD build/stm32f0xx_hal_msp.o
LOAD build/stm32f0xx_hal_tim.o
LOAD build/stm32f0xx_hal_tim_ex.o
LOAD build/stm32f0xx_hal_rcc.o
LOAD build/stm32f0xx_hal_rcc_ex.o
LOAD build/stm32f0xx_hal.o
LOAD build/stm32f0xx_hal_i2c.o
LOAD build/stm32f0xx_hal_i2c_ex.o
LOAD build/stm32f0xx_hal_gpio.o
LOAD build/stm32f0xx_hal_dma.o
LOAD build/stm32f0xx_hal_cortex.o
LOAD build/stm32f0xx_hal_pwr.o
LOAD build/stm32f0xx_hal_pwr_ex.o
LOAD build/stm32f0xx_hal_flash.o
LOAD build/stm32f0xx_hal_flash_ex.o
LOAD build/system_stm32f0xx.o
LOAD build/startup_stm32f051x8.o
LOAD c:/users/domen/appdata/roaming/gnu mcu eclipse/arm embedded gcc/7.3.1-1.1-20180724-0637/bin/../lib/gcc/arm-none-eabi/7.3.1/../../../../arm-none-eabi/lib/thumb/v6-m\libc_nano.a
LOAD c:/users/domen/appdata/roaming/gnu mcu eclipse/arm embedded gcc/7.3.1-1.1-20180724-0637/bin/../lib/gcc/arm-none-eabi/7.3.1/../../../../arm-none-eabi/lib/thumb/v6-m\libm.a
LOAD c:/users/domen/appdata/roaming/gnu mcu eclipse/arm embedded gcc/7.3.1-1.1-20180724-0637/bin/../lib/gcc/arm-none-eabi/7.3.1/../../../../arm-none-eabi/lib/thumb/v6-m\libnosys.a
START GROUP
LOAD c:/users/domen/appdata/roaming/gnu mcu eclipse/arm embedded gcc/7.3.1-1.1-20180724-0637/bin/../lib/gcc/arm-none-eabi/7.3.1/thumb/v6-m\libgcc.a
LOAD c:/users/domen/appdata/roaming/gnu mcu eclipse/arm embedded gcc/7.3.1-1.1-20180724-0637/bin/../lib/gcc/arm-none-eabi/7.3.1/../../../../arm-none-eabi/lib/thumb/v6-m\libc_nano.a
END GROUP
START GROUP
LOAD c:/users/domen/appdata/roaming/gnu mcu eclipse/arm embedded gcc/7.3.1-1.1-20180724-0637/bin/../lib/gcc/arm-none-eabi/7.3.1/thumb/v6-m\libgcc.a
LOAD c:/users/domen/appdata/roaming/gnu mcu eclipse/arm embedded gcc/7.3.1-1.1-20180724-0637/bin/../lib/gcc/arm-none-eabi/7.3.1/../../../../arm-none-eabi/lib/thumb/v6-m\libc_nano.a
END GROUP
LOAD c:/users/domen/appdata/roaming/gnu mcu eclipse/arm embedded gcc/7.3.1-1.1-20180724-0637/bin/../lib/gcc/arm-none-eabi/7.3.1/thumb/v6-m/crtend.o
LOAD c:/users/domen/appdata/roaming/gnu mcu eclipse/arm embedded gcc/7.3.1-1.1-20180724-0637/bin/../lib/gcc/arm-none-eabi/7.3.1/thumb/v6-m/crtn.o
                0x0000000020002000                _estack = 0x20002000
                0x0000000000000200                _Min_Heap_Size = 0x200
                0x0000000000000400                _Min_Stack_Size = 0x400

.isr_vector     0x0000000008000000       0xc0
                0x0000000008000000                . = ALIGN (0x4)
 *(.isr_vector)
 .isr_vector    0x0000000008000000       0xc0 build/startup_stm32f051x8.o
                0x0000000008000000                g_pfnVectors
                0x00000000080000c0                . = ALIGN (0x4)

.text           0x00000000080000c0     0x1058
                0x00000000080000c0                . = ALIGN (0x4)
 *(.text)
 .text          0x00000000080000c0      0x114 c:/users/domen/appdata/roaming/gnu mcu eclipse/arm embedded gcc/7.3.1-1.1-20180724-0637/bin/../lib/gcc/arm-none-eabi/7.3.1/thumb/v6-m\libgcc.a(_udivsi3.o)
                0x00000000080000c0                __aeabi_uidiv
                0x00000000080000c0                __udivsi3
                0x00000000080001cc                __aeabi_uidivmod
 .text          0x00000000080001d4        0x4 c:/users/domen/appdata/roaming/gnu mcu eclipse/arm embedded gcc/7.3.1-1.1-20180724-0637/bin/../lib/gcc/arm-none-eabi/7.3.1/thumb/v6-m\libgcc.a(_dvmd_tls.o)
                0x00000000080001d4                __aeabi_idiv0
                0x00000000080001d4                __aeabi_ldiv0
 *(.text*)
 .text.deregister_tm_clones
                0x00000000080001d8       0x20 c:/users/domen/appdata/roaming/gnu mcu eclipse/arm embedded gcc/7.3.1-1.1-20180724-0637/bin/../lib/gcc/arm-none-eabi/7.3.1/thumb/v6-m/crtbegin.o
 .text.register_tm_clones
                0x00000000080001f8       0x28 c:/users/domen/appdata/roaming/gnu mcu eclipse/arm embedded gcc/7.3.1-1.1-20180724-0637/bin/../lib/gcc/arm-none-eabi/7.3.1/thumb/v6-m/crtbegin.o
 .text.__do_global_dtors_aux
                0x0000000008000220       0x2c c:/users/domen/appdata/roaming/gnu mcu eclipse/arm embedded gcc/7.3.1-1.1-20180724-0637/bin/../lib/gcc/arm-none-eabi/7.3.1/thumb/v6-m/crtbegin.o
 .text.frame_dummy
                0x000000000800024c       0x24 c:/users/domen/appdata/roaming/gnu mcu eclipse/arm embedded gcc/7.3.1-1.1-20180724-0637/bin/../lib/gcc/arm-none-eabi/7.3.1/thumb/v6-m/crtbegin.o
 .text.SystemClock_Config
                0x0000000008000270       0x4a build/main.o
                0x0000000008000270                SystemClock_Config
 *fill*         0x00000000080002ba        0x2 
 .text.main     0x00000000080002bc       0x34 build/main.o
                0x00000000080002bc                main
 .text.assert_failed
                0x00000000080002f0        0x2 build/main.o
                0x00000000080002f0                assert_failed
 *fill*         0x00000000080002f2        0x2 
 .text.MX_GPIO_Init
                0x00000000080002f4       0x64 build/gpio.o
                0x00000000080002f4                MX_GPIO_Init
 .text.NMI_Handler
                0x0000000008000358        0x2 build/stm32f0xx_it.o
                0x0000000008000358                NMI_Handler
 .text.HardFault_Handler
                0x000000000800035a        0x2 build/stm32f0xx_it.o
                0x000000000800035a                HardFault_Handler
 .text.SVC_Handler
                0x000000000800035c        0x2 build/stm32f0xx_it.o
                0x000000000800035c                SVC_Handler
 .text.PendSV_Handler
                0x000000000800035e        0x2 build/stm32f0xx_it.o
                0x000000000800035e                PendSV_Handler
 .text.SysTick_Handler
                0x0000000008000360        0x8 build/stm32f0xx_it.o
                0x0000000008000360                SysTick_Handler
 .text.HAL_MspInit
                0x0000000008000368       0x30 build/stm32f0xx_hal_msp.o
                0x0000000008000368                HAL_MspInit
 .text.HAL_RCC_OscConfig
                0x0000000008000398      0x5ec build/stm32f0xx_hal_rcc.o
                0x0000000008000398                HAL_RCC_OscConfig
 .text.HAL_RCC_GetSysClockFreq
                0x0000000008000984       0x70 build/stm32f0xx_hal_rcc.o
                0x0000000008000984                HAL_RCC_GetSysClockFreq
 .text.HAL_RCC_ClockConfig
                0x00000000080009f4      0x20c build/stm32f0xx_hal_rcc.o
                0x00000000080009f4                HAL_RCC_ClockConfig
 .text.HAL_RCC_GetHCLKFreq
                0x0000000008000c00        0xc build/stm32f0xx_hal_rcc.o
                0x0000000008000c00                HAL_RCC_GetHCLKFreq
 .text.HAL_InitTick
                0x0000000008000c0c       0x24 build/stm32f0xx_hal.o
                0x0000000008000c0c                HAL_InitTick
 .text.HAL_Init
                0x0000000008000c30       0x20 build/stm32f0xx_hal.o
                0x0000000008000c30                HAL_Init
 .text.HAL_IncTick
                0x0000000008000c50       0x10 build/stm32f0xx_hal.o
                0x0000000008000c50                HAL_IncTick
 .text.HAL_GetTick
                0x0000000008000c60        0xc build/stm32f0xx_hal.o
                0x0000000008000c60                HAL_GetTick
 .text.HAL_GPIO_Init
                0x0000000008000c6c      0x280 build/stm32f0xx_hal_gpio.o
                0x0000000008000c6c                HAL_GPIO_Init
 .text.HAL_GPIO_WritePin
                0x0000000008000eec       0x38 build/stm32f0xx_hal_gpio.o
                0x0000000008000eec                HAL_GPIO_WritePin
 .text.HAL_GPIO_TogglePin
                0x0000000008000f24       0x20 build/stm32f0xx_hal_gpio.o
                0x0000000008000f24                HAL_GPIO_TogglePin
 .text.HAL_NVIC_SetPriority
                0x0000000008000f44       0x78 build/stm32f0xx_hal_cortex.o
                0x0000000008000f44                HAL_NVIC_SetPriority
 .text.HAL_SYSTICK_Config
                0x0000000008000fbc       0x38 build/stm32f0xx_hal_cortex.o
                0x0000000008000fbc                HAL_SYSTICK_Config
 .text.SystemInit
                0x0000000008000ff4       0x60 build/system_stm32f0xx.o
                0x0000000008000ff4                SystemInit
 .text.Reset_Handler
                0x0000000008001054       0x50 build/startup_stm32f051x8.o
                0x0000000008001054                Reset_Handler
 .text.Default_Handler
                0x00000000080010a4        0x2 build/startup_stm32f051x8.o
                0x00000000080010a4                TIM1_CC_IRQHandler
                0x00000000080010a4                TSC_IRQHandler
                0x00000000080010a4                ADC1_COMP_IRQHandler
                0x00000000080010a4                PVD_IRQHandler
                0x00000000080010a4                I2C1_IRQHandler
                0x00000000080010a4                RCC_CRS_IRQHandler
                0x00000000080010a4                SPI1_IRQHandler
                0x00000000080010a4                TIM6_DAC_IRQHandler
                0x00000000080010a4                EXTI2_3_IRQHandler
                0x00000000080010a4                I2C2_IRQHandler
                0x00000000080010a4                TIM17_IRQHandler
                0x00000000080010a4                CEC_CAN_IRQHandler
                0x00000000080010a4                RTC_IRQHandler
                0x00000000080010a4                TIM16_IRQHandler
                0x00000000080010a4                TIM3_IRQHandler
                0x00000000080010a4                EXTI4_15_IRQHandler
                0x00000000080010a4                DMA1_Channel1_IRQHandler
                0x00000000080010a4                Default_Handler
                0x00000000080010a4                TIM14_IRQHandler
                0x00000000080010a4                DMA1_Channel4_5_IRQHandler
                0x00000000080010a4                TIM15_IRQHandler
                0x00000000080010a4                EXTI0_1_IRQHandler
                0x00000000080010a4                SPI2_IRQHandler
                0x00000000080010a4                WWDG_IRQHandler
                0x00000000080010a4                TIM2_IRQHandler
                0x00000000080010a4                DMA1_Channel2_3_IRQHandler
                0x00000000080010a4                USART2_IRQHandler
                0x00000000080010a4                FLASH_IRQHandler
                0x00000000080010a4                USART1_IRQHandler
                0x00000000080010a4                TIM1_BRK_UP_TRG_COM_IRQHandler
 *fill*         0x00000000080010a6        0x2 
 .text.__libc_init_array
                0x00000000080010a8       0x48 c:/users/domen/appdata/roaming/gnu mcu eclipse/arm embedded gcc/7.3.1-1.1-20180724-0637/bin/../lib/gcc/arm-none-eabi/7.3.1/../../../../arm-none-eabi/lib/thumb/v6-m\libc_nano.a(lib_a-init.o)
                0x00000000080010a8                __libc_init_array
 .text.memset   0x00000000080010f0       0x10 c:/users/domen/appdata/roaming/gnu mcu eclipse/arm embedded gcc/7.3.1-1.1-20180724-0637/bin/../lib/gcc/arm-none-eabi/7.3.1/../../../../arm-none-eabi/lib/thumb/v6-m\libc_nano.a(lib_a-memset.o)
                0x00000000080010f0                memset
 *(.glue_7)
 .glue_7        0x0000000008001100        0x0 linker stubs
 *(.glue_7t)
 .glue_7t       0x0000000008001100        0x0 linker stubs
 *(.eh_frame)
 .eh_frame      0x0000000008001100        0x0 c:/users/domen/appdata/roaming/gnu mcu eclipse/arm embedded gcc/7.3.1-1.1-20180724-0637/bin/../lib/gcc/arm-none-eabi/7.3.1/thumb/v6-m/crtbegin.o
 *(.init)
 .init          0x0000000008001100        0x4 c:/users/domen/appdata/roaming/gnu mcu eclipse/arm embedded gcc/7.3.1-1.1-20180724-0637/bin/../lib/gcc/arm-none-eabi/7.3.1/thumb/v6-m/crti.o
                0x0000000008001100                _init
 .init          0x0000000008001104        0x8 c:/users/domen/appdata/roaming/gnu mcu eclipse/arm embedded gcc/7.3.1-1.1-20180724-0637/bin/../lib/gcc/arm-none-eabi/7.3.1/thumb/v6-m/crtn.o
 *(.fini)
 .fini          0x000000000800110c        0x4 c:/users/domen/appdata/roaming/gnu mcu eclipse/arm embedded gcc/7.3.1-1.1-20180724-0637/bin/../lib/gcc/arm-none-eabi/7.3.1/thumb/v6-m/crti.o
                0x000000000800110c                _fini
 .fini          0x0000000008001110        0x8 c:/users/domen/appdata/roaming/gnu mcu eclipse/arm embedded gcc/7.3.1-1.1-20180724-0637/bin/../lib/gcc/arm-none-eabi/7.3.1/thumb/v6-m/crtn.o
                0x0000000008001118                . = ALIGN (0x4)
                0x0000000008001118                _etext = .

.vfp11_veneer   0x0000000008001118        0x0
 .vfp11_veneer  0x0000000008001118        0x0 linker stubs

.v4_bx          0x0000000008001118        0x0
 .v4_bx         0x0000000008001118        0x0 linker stubs

.iplt           0x0000000008001118        0x0
 .iplt          0x0000000008001118        0x0 c:/users/domen/appdata/roaming/gnu mcu eclipse/arm embedded gcc/7.3.1-1.1-20180724-0637/bin/../lib/gcc/arm-none-eabi/7.3.1/thumb/v6-m/crtbegin.o

.rodata         0x0000000008001118       0xd8
                0x0000000008001118                . = ALIGN (0x4)
 *(.rodata)
 .rodata        0x0000000008001118       0x20 build/stm32f0xx_hal_rcc.o
 *(.rodata*)
 .rodata.HAL_RCC_OscConfig.str1.4
                0x0000000008001138       0x35 build/stm32f0xx_hal_rcc.o
 *fill*         0x000000000800116d        0x3 
 .rodata.HAL_GPIO_Init.str1.4
                0x0000000008001170       0x36 build/stm32f0xx_hal_gpio.o
 *fill*         0x00000000080011a6        0x2 
 .rodata.HAL_NVIC_SetPriority.str1.4
                0x00000000080011a8       0x38 build/stm32f0xx_hal_cortex.o
 .rodata.AHBPrescTable
                0x00000000080011e0       0x10 build/system_stm32f0xx.o
                0x00000000080011e0                AHBPrescTable
                0x00000000080011f0                . = ALIGN (0x4)

.rel.dyn        0x00000000080011f0        0x0
 .rel.iplt      0x00000000080011f0        0x0 c:/users/domen/appdata/roaming/gnu mcu eclipse/arm embedded gcc/7.3.1-1.1-20180724-0637/bin/../lib/gcc/arm-none-eabi/7.3.1/thumb/v6-m/crtbegin.o

.ARM.extab
 *(.ARM.extab* .gnu.linkonce.armextab.*)

.ARM            0x00000000080011f0        0x0
                0x00000000080011f0                __exidx_start = .
 *(.ARM.exidx*)
                0x00000000080011f0                __exidx_end = .

.preinit_array  0x00000000080011f0        0x0
                0x00000000080011f0                PROVIDE (__preinit_array_start = .)
 *(.preinit_array*)
                0x00000000080011f0                PROVIDE (__preinit_array_end = .)

.init_array     0x00000000080011f0        0x4
                0x00000000080011f0                PROVIDE (__init_array_start = .)
 *(SORT_BY_NAME(.init_array.*))
 *(.init_array*)
 .init_array    0x00000000080011f0        0x4 c:/users/domen/appdata/roaming/gnu mcu eclipse/arm embedded gcc/7.3.1-1.1-20180724-0637/bin/../lib/gcc/arm-none-eabi/7.3.1/thumb/v6-m/crtbegin.o
                0x00000000080011f4                PROVIDE (__init_array_end = .)

.fini_array     0x00000000080011f4        0x4
                [!provide]                        PROVIDE (__fini_array_start = .)
 *(SORT_BY_NAME(.fini_array.*))
 *(.fini_array*)
 .fini_array    0x00000000080011f4        0x4 c:/users/domen/appdata/roaming/gnu mcu eclipse/arm embedded gcc/7.3.1-1.1-20180724-0637/bin/../lib/gcc/arm-none-eabi/7.3.1/thumb/v6-m/crtbegin.o
                [!provide]                        PROVIDE (__fini_array_end = .)
                0x00000000080011f8                _sidata = LOADADDR (.data)

.data           0x0000000020000000        0x4 load address 0x00000000080011f8
                0x0000000020000000                . = ALIGN (0x4)
                0x0000000020000000                _sdata = .
 *(.data)
 *(.data*)
 .data.SystemCoreClock
                0x0000000020000000        0x4 build/system_stm32f0xx.o
                0x0000000020000000                SystemCoreClock
                0x0000000020000004                . = ALIGN (0x4)
                0x0000000020000004                _edata = .

.tm_clone_table
                0x0000000020000004        0x0 load address 0x00000000080011fc
 .tm_clone_table
                0x0000000020000004        0x0 c:/users/domen/appdata/roaming/gnu mcu eclipse/arm embedded gcc/7.3.1-1.1-20180724-0637/bin/../lib/gcc/arm-none-eabi/7.3.1/thumb/v6-m/crtbegin.o
 .tm_clone_table
                0x0000000020000004        0x0 c:/users/domen/appdata/roaming/gnu mcu eclipse/arm embedded gcc/7.3.1-1.1-20180724-0637/bin/../lib/gcc/arm-none-eabi/7.3.1/thumb/v6-m/crtend.o

.igot.plt       0x0000000020000004        0x0 load address 0x00000000080011fc
 .igot.plt      0x0000000020000004        0x0 c:/users/domen/appdata/roaming/gnu mcu eclipse/arm embedded gcc/7.3.1-1.1-20180724-0637/bin/../lib/gcc/arm-none-eabi/7.3.1/thumb/v6-m/crtbegin.o
                0x0000000020000004                . = ALIGN (0x4)

.bss            0x0000000020000004       0x20 load address 0x00000000080011fc
                0x0000000020000004                _sbss = .
                0x0000000020000004                __bss_start__ = _sbss
 *(.bss)
 *(.bss*)
 .bss.completed.6486
                0x0000000020000004        0x1 c:/users/domen/appdata/roaming/gnu mcu eclipse/arm embedded gcc/7.3.1-1.1-20180724-0637/bin/../lib/gcc/arm-none-eabi/7.3.1/thumb/v6-m/crtbegin.o
 *fill*         0x0000000020000005        0x3 
 .bss.object.6491
                0x0000000020000008       0x18 c:/users/domen/appdata/roaming/gnu mcu eclipse/arm embedded gcc/7.3.1-1.1-20180724-0637/bin/../lib/gcc/arm-none-eabi/7.3.1/thumb/v6-m/crtbegin.o
 *(COMMON)
 COMMON         0x0000000020000020        0x4 build/stm32f0xx_hal.o
                0x0000000020000020                uwTick
                0x0000000020000024                . = ALIGN (0x4)
                0x0000000020000024                _ebss = .
                0x0000000020000024                __bss_end__ = _ebss

._user_heap_stack
                0x0000000020000024      0x604 load address 0x00000000080011fc
                0x0000000020000028                . = ALIGN (0x8)
 *fill*         0x0000000020000024        0x4 
                [!provide]                        PROVIDE (end = .)
                [!provide]                        PROVIDE (_end = .)
                0x0000000020000228                . = (. + _Min_Heap_Size)
 *fill*         0x0000000020000028      0x200 
                0x0000000020000628                . = (. + _Min_Stack_Size)
 *fill*         0x0000000020000228      0x400 
                0x0000000020000628                . = ALIGN (0x8)

/DISCARD/
 libc.a(*)
 libm.a(*)
 libgcc.a(*)

.ARM.attributes
                0x0000000000000000       0x28
 *(.ARM.attributes)
 .ARM.attributes
                0x0000000000000000       0x1e c:/users/domen/appdata/roaming/gnu mcu eclipse/arm embedded gcc/7.3.1-1.1-20180724-0637/bin/../lib/gcc/arm-none-eabi/7.3.1/thumb/v6-m/crti.o
 .ARM.attributes
                0x000000000000001e       0x2c c:/users/domen/appdata/roaming/gnu mcu eclipse/arm embedded gcc/7.3.1-1.1-20180724-0637/bin/../lib/gcc/arm-none-eabi/7.3.1/thumb/v6-m/crtbegin.o
 .ARM.attributes
                0x000000000000004a       0x31 build/main.o
 .ARM.attributes
                0x000000000000007b       0x31 build/gpio.o
 .ARM.attributes
                0x00000000000000ac       0x31 build/stm32f0xx_it.o
 .ARM.attributes
                0x00000000000000dd       0x31 build/stm32f0xx_hal_msp.o
 .ARM.attributes
                0x000000000000010e       0x31 build/stm32f0xx_hal_rcc.o
 .ARM.attributes
                0x000000000000013f       0x31 build/stm32f0xx_hal.o
 .ARM.attributes
                0x0000000000000170       0x31 build/stm32f0xx_hal_gpio.o
 .ARM.attributes
                0x00000000000001a1       0x31 build/stm32f0xx_hal_cortex.o
 .ARM.attributes
                0x00000000000001d2       0x31 build/system_stm32f0xx.o
 .ARM.attributes
                0x0000000000000203       0x21 build/startup_stm32f051x8.o
 .ARM.attributes
                0x0000000000000224       0x2c c:/users/domen/appdata/roaming/gnu mcu eclipse/arm embedded gcc/7.3.1-1.1-20180724-0637/bin/../lib/gcc/arm-none-eabi/7.3.1/../../../../arm-none-eabi/lib/thumb/v6-m\libc_nano.a(lib_a-init.o)
 .ARM.attributes
                0x0000000000000250       0x2c c:/users/domen/appdata/roaming/gnu mcu eclipse/arm embedded gcc/7.3.1-1.1-20180724-0637/bin/../lib/gcc/arm-none-eabi/7.3.1/../../../../arm-none-eabi/lib/thumb/v6-m\libc_nano.a(lib_a-memset.o)
 .ARM.attributes
                0x000000000000027c       0x1e c:/users/domen/appdata/roaming/gnu mcu eclipse/arm embedded gcc/7.3.1-1.1-20180724-0637/bin/../lib/gcc/arm-none-eabi/7.3.1/thumb/v6-m\libgcc.a(_udivsi3.o)
 .ARM.attributes
                0x000000000000029a       0x1e c:/users/domen/appdata/roaming/gnu mcu eclipse/arm embedded gcc/7.3.1-1.1-20180724-0637/bin/../lib/gcc/arm-none-eabi/7.3.1/thumb/v6-m\libgcc.a(_dvmd_tls.o)
 .ARM.attributes
                0x00000000000002b8       0x2c c:/users/domen/appdata/roaming/gnu mcu eclipse/arm embedded gcc/7.3.1-1.1-20180724-0637/bin/../lib/gcc/arm-none-eabi/7.3.1/thumb/v6-m/crtend.o
 .ARM.attributes
                0x00000000000002e4       0x1e c:/users/domen/appdata/roaming/gnu mcu eclipse/arm embedded gcc/7.3.1-1.1-20180724-0637/bin/../lib/gcc/arm-none-eabi/7.3.1/thumb/v6-m/crtn.o
OUTPUT(build/STM32F051K4.elf elf32-littlearm)

.debug_info     0x0000000000000000     0x85ec
 .debug_info    0x0000000000000000      0xdfc build/main.o
 .debug_info    0x0000000000000dfc      0xd12 build/gpio.o
 .debug_info    0x0000000000001b0e      0xa81 build/stm32f0xx_it.o
 .debug_info    0x000000000000258f      0xb32 build/stm32f0xx_hal_msp.o
 .debug_info    0x00000000000030c1     0x15e0 build/stm32f0xx_hal_rcc.o
 .debug_info    0x00000000000046a1      0xffe build/stm32f0xx_hal.o
 .debug_info    0x000000000000569f     0x118f build/stm32f0xx_hal_gpio.o
 .debug_info    0x000000000000682e     0x121d build/stm32f0xx_hal_cortex.o
 .debug_info    0x0000000000007a4b      0xb7f build/system_stm32f0xx.o
 .debug_info    0x00000000000085ca       0x22 build/startup_stm32f051x8.o

.debug_abbrev   0x0000000000000000     0x162d
 .debug_abbrev  0x0000000000000000      0x2af build/main.o
 .debug_abbrev  0x00000000000002af      0x222 build/gpio.o
 .debug_abbrev  0x00000000000004d1      0x1c2 build/stm32f0xx_it.o
 .debug_abbrev  0x0000000000000693      0x1c4 build/stm32f0xx_hal_msp.o
 .debug_abbrev  0x0000000000000857      0x2ca build/stm32f0xx_hal_rcc.o
 .debug_abbrev  0x0000000000000b21      0x2d9 build/stm32f0xx_hal.o
 .debug_abbrev  0x0000000000000dfa      0x2da build/stm32f0xx_hal_gpio.o
 .debug_abbrev  0x00000000000010d4      0x361 build/stm32f0xx_hal_cortex.o
 .debug_abbrev  0x0000000000001435      0x1e6 build/system_stm32f0xx.o
 .debug_abbrev  0x000000000000161b       0x12 build/startup_stm32f051x8.o

.debug_loc      0x0000000000000000     0x14be
 .debug_loc     0x0000000000000000       0x96 build/main.o
 .debug_loc     0x0000000000000096       0x2c build/gpio.o
 .debug_loc     0x00000000000000c2       0x20 build/stm32f0xx_it.o
 .debug_loc     0x00000000000000e2       0x20 build/stm32f0xx_hal_msp.o
 .debug_loc     0x0000000000000102      0x662 build/stm32f0xx_hal_rcc.o
 .debug_loc     0x0000000000000764      0x108 build/stm32f0xx_hal.o
 .debug_loc     0x000000000000086c      0x5f1 build/stm32f0xx_hal_gpio.o
 .debug_loc     0x0000000000000e5d      0x506 build/stm32f0xx_hal_cortex.o
 .debug_loc     0x0000000000001363      0x15b build/system_stm32f0xx.o

.debug_aranges  0x0000000000000000      0x310
 .debug_aranges
                0x0000000000000000       0x38 build/main.o
 .debug_aranges
                0x0000000000000038       0x20 build/gpio.o
 .debug_aranges
                0x0000000000000058       0x40 build/stm32f0xx_it.o
 .debug_aranges
                0x0000000000000098       0x20 build/stm32f0xx_hal_msp.o
 .debug_aranges
                0x00000000000000b8       0x80 build/stm32f0xx_hal_rcc.o
 .debug_aranges
                0x0000000000000138       0xb8 build/stm32f0xx_hal.o
 .debug_aranges
                0x00000000000001f0       0x58 build/stm32f0xx_hal_gpio.o
 .debug_aranges
                0x0000000000000248       0x78 build/stm32f0xx_hal_cortex.o
 .debug_aranges
                0x00000000000002c0       0x28 build/system_stm32f0xx.o
 .debug_aranges
                0x00000000000002e8       0x28 build/startup_stm32f051x8.o

.debug_ranges   0x0000000000000000      0x2d8
 .debug_ranges  0x0000000000000000       0x28 build/main.o
 .debug_ranges  0x0000000000000028       0x10 build/gpio.o
 .debug_ranges  0x0000000000000038       0x30 build/stm32f0xx_it.o
 .debug_ranges  0x0000000000000068       0x10 build/stm32f0xx_hal_msp.o
 .debug_ranges  0x0000000000000078       0x88 build/stm32f0xx_hal_rcc.o
 .debug_ranges  0x0000000000000100       0xa8 build/stm32f0xx_hal.o
 .debug_ranges  0x00000000000001a8       0x48 build/stm32f0xx_hal_gpio.o
 .debug_ranges  0x00000000000001f0       0xb0 build/stm32f0xx_hal_cortex.o
 .debug_ranges  0x00000000000002a0       0x18 build/system_stm32f0xx.o
 .debug_ranges  0x00000000000002b8       0x20 build/startup_stm32f051x8.o

.debug_line     0x0000000000000000     0x2261
 .debug_line    0x0000000000000000      0x325 build/main.o
 .debug_line    0x0000000000000325      0x293 build/gpio.o
 .debug_line    0x00000000000005b8      0x2b3 build/stm32f0xx_it.o
 .debug_line    0x000000000000086b      0x253 build/stm32f0xx_hal_msp.o
 .debug_line    0x0000000000000abe      0x6f8 build/stm32f0xx_hal_rcc.o
 .debug_line    0x00000000000011b6      0x457 build/stm32f0xx_hal.o
 .debug_line    0x000000000000160d      0x50c build/stm32f0xx_hal_gpio.o
 .debug_line    0x0000000000001b19      0x448 build/stm32f0xx_hal_cortex.o
 .debug_line    0x0000000000001f61      0x288 build/system_stm32f0xx.o
 .debug_line    0x00000000000021e9       0x78 build/startup_stm32f051x8.o

.debug_str      0x0000000000000000     0x11d4
 .debug_str     0x0000000000000000      0x768 build/main.o
                                        0x7e6 (size before relaxing)
 .debug_str     0x0000000000000768       0xdc build/gpio.o
                                        0x6dd (size before relaxing)
 .debug_str     0x0000000000000844       0x6d build/stm32f0xx_it.o
                                        0x5fe (size before relaxing)
 .debug_str     0x00000000000008b1       0x29 build/stm32f0xx_hal_msp.o
                                        0x614 (size before relaxing)
 .debug_str     0x00000000000008da      0x1fe build/stm32f0xx_hal_rcc.o
                                        0x9fc (size before relaxing)
 .debug_str     0x0000000000000ad8      0x377 build/stm32f0xx_hal.o
                                        0xa1a (size before relaxing)
 .debug_str     0x0000000000000e4f      0x110 build/stm32f0xx_hal_gpio.o
                                        0x823 (size before relaxing)
 .debug_str     0x0000000000000f5f      0x1f5 build/stm32f0xx_hal_cortex.o
                                        0xa30 (size before relaxing)
 .debug_str     0x0000000000001154       0x5c build/system_stm32f0xx.o
                                        0x640 (size before relaxing)
 .debug_str     0x00000000000011b0       0x24 build/startup_stm32f051x8.o
                                         0x5c (size before relaxing)

.comment        0x0000000000000000       0x71
 .comment       0x0000000000000000       0x71 build/main.o
                                         0x72 (size before relaxing)
 .comment       0x0000000000000071       0x72 build/gpio.o
 .comment       0x0000000000000071       0x72 build/stm32f0xx_it.o
 .comment       0x0000000000000071       0x72 build/stm32f0xx_hal_msp.o
 .comment       0x0000000000000071       0x72 build/stm32f0xx_hal_rcc.o
 .comment       0x0000000000000071       0x72 build/stm32f0xx_hal.o
 .comment       0x0000000000000071       0x72 build/stm32f0xx_hal_gpio.o
 .comment       0x0000000000000071       0x72 build/stm32f0xx_hal_cortex.o
 .comment       0x0000000000000071       0x72 build/system_stm32f0xx.o

.debug_frame    0x0000000000000000      0x6fc
 .debug_frame   0x0000000000000000       0x68 build/main.o
 .debug_frame   0x0000000000000068       0x2c build/gpio.o
 .debug_frame   0x0000000000000094       0x6c build/stm32f0xx_it.o
 .debug_frame   0x0000000000000100       0x24 build/stm32f0xx_hal_msp.o
 .debug_frame   0x0000000000000124      0x158 build/stm32f0xx_hal_rcc.o
 .debug_frame   0x000000000000027c      0x184 build/stm32f0xx_hal.o
 .debug_frame   0x0000000000000400      0x120 build/stm32f0xx_hal_gpio.o
 .debug_frame   0x0000000000000520      0x134 build/stm32f0xx_hal_cortex.o
 .debug_frame   0x0000000000000654       0x3c build/system_stm32f0xx.o
 .debug_frame   0x0000000000000690       0x2c c:/users/domen/appdata/roaming/gnu mcu eclipse/arm embedded gcc/7.3.1-1.1-20180724-0637/bin/../lib/gcc/arm-none-eabi/7.3.1/../../../../arm-none-eabi/lib/thumb/v6-m\libc_nano.a(lib_a-init.o)
 .debug_frame   0x00000000000006bc       0x20 c:/users/domen/appdata/roaming/gnu mcu eclipse/arm embedded gcc/7.3.1-1.1-20180724-0637/bin/../lib/gcc/arm-none-eabi/7.3.1/../../../../arm-none-eabi/lib/thumb/v6-m\libc_nano.a(lib_a-memset.o)
 .debug_frame   0x00000000000006dc       0x20 c:/users/domen/appdata/roaming/gnu mcu eclipse/arm embedded gcc/7.3.1-1.1-20180724-0637/bin/../lib/gcc/arm-none-eabi/7.3.1/thumb/v6-m\libgcc.a(_udivsi3.o)

Cross Reference Table

Symbol                                            File
ADC1_COMP_IRQHandler                              build/startup_stm32f051x8.o
AHBPrescTable                                     build/system_stm32f0xx.o
                                                  build/stm32f0xx_hal_rcc.o
APBPrescTable                                     build/system_stm32f0xx.o
                                                  build/stm32f0xx_hal_rcc.o
CEC_CAN_IRQHandler                                build/startup_stm32f051x8.o
DMA1_Channel1_IRQHandler                          build/startup_stm32f051x8.o
DMA1_Channel2_3_IRQHandler                        build/startup_stm32f051x8.o
DMA1_Channel4_5_IRQHandler                        build/startup_stm32f051x8.o
Default_Handler                                   build/startup_stm32f051x8.o
EXTI0_1_IRQHandler                                build/startup_stm32f051x8.o
EXTI2_3_IRQHandler                                build/startup_stm32f051x8.o
EXTI4_15_IRQHandler                               build/startup_stm32f051x8.o
Error_Handler                                     build/main.o
FLASH_IRQHandler                                  build/startup_stm32f051x8.o
FLASH_PageErase                                   build/stm32f0xx_hal_flash_ex.o
                                                  build/stm32f0xx_hal_flash.o
FLASH_WaitForLastOperation                        build/stm32f0xx_hal_flash.o
                                                  build/stm32f0xx_hal_flash_ex.o
HAL_DBGMCU_DisableDBGStandbyMode                  build/stm32f0xx_hal.o
HAL_DBGMCU_DisableDBGStopMode                     build/stm32f0xx_hal.o
HAL_DBGMCU_EnableDBGStandbyMode                   build/stm32f0xx_hal.o
HAL_DBGMCU_EnableDBGStopMode                      build/stm32f0xx_hal.o
HAL_DMA_Abort                                     build/stm32f0xx_hal_dma.o
HAL_DMA_Abort_IT                                  build/stm32f0xx_hal_dma.o
                                                  build/stm32f0xx_hal_i2c.o
HAL_DMA_DeInit                                    build/stm32f0xx_hal_dma.o
HAL_DMA_GetError                                  build/stm32f0xx_hal_dma.o
HAL_DMA_GetState                                  build/stm32f0xx_hal_dma.o
HAL_DMA_IRQHandler                                build/stm32f0xx_hal_dma.o
HAL_DMA_Init                                      build/stm32f0xx_hal_dma.o
HAL_DMA_PollForTransfer                           build/stm32f0xx_hal_dma.o
HAL_DMA_RegisterCallback                          build/stm32f0xx_hal_dma.o
HAL_DMA_Start                                     build/stm32f0xx_hal_dma.o
HAL_DMA_Start_IT                                  build/stm32f0xx_hal_dma.o
                                                  build/stm32f0xx_hal_i2c.o
HAL_DMA_UnRegisterCallback                        build/stm32f0xx_hal_dma.o
HAL_DeInit                                        build/stm32f0xx_hal.o
HAL_Delay                                         build/stm32f0xx_hal.o
HAL_FLASHEx_Erase                                 build/stm32f0xx_hal_flash_ex.o
HAL_FLASHEx_Erase_IT                              build/stm32f0xx_hal_flash_ex.o
HAL_FLASHEx_OBErase                               build/stm32f0xx_hal_flash_ex.o
HAL_FLASHEx_OBGetConfig                           build/stm32f0xx_hal_flash_ex.o
HAL_FLASHEx_OBGetUserData                         build/stm32f0xx_hal_flash_ex.o
HAL_FLASHEx_OBProgram                             build/stm32f0xx_hal_flash_ex.o
HAL_FLASH_EndOfOperationCallback                  build/stm32f0xx_hal_flash.o
HAL_FLASH_GetError                                build/stm32f0xx_hal_flash.o
HAL_FLASH_IRQHandler                              build/stm32f0xx_hal_flash.o
HAL_FLASH_Lock                                    build/stm32f0xx_hal_flash.o
HAL_FLASH_OB_Launch                               build/stm32f0xx_hal_flash.o
HAL_FLASH_OB_Lock                                 build/stm32f0xx_hal_flash.o
HAL_FLASH_OB_Unlock                               build/stm32f0xx_hal_flash.o
HAL_FLASH_OperationErrorCallback                  build/stm32f0xx_hal_flash.o
HAL_FLASH_Program                                 build/stm32f0xx_hal_flash.o
HAL_FLASH_Program_IT                              build/stm32f0xx_hal_flash.o
HAL_FLASH_Unlock                                  build/stm32f0xx_hal_flash.o
HAL_GPIO_DeInit                                   build/stm32f0xx_hal_gpio.o
HAL_GPIO_EXTI_Callback                            build/stm32f0xx_hal_gpio.o
HAL_GPIO_EXTI_IRQHandler                          build/stm32f0xx_hal_gpio.o
HAL_GPIO_Init                                     build/stm32f0xx_hal_gpio.o
                                                  build/stm32f0xx_hal_rcc.o
                                                  build/gpio.o
HAL_GPIO_LockPin                                  build/stm32f0xx_hal_gpio.o
HAL_GPIO_ReadPin                                  build/stm32f0xx_hal_gpio.o
HAL_GPIO_TogglePin                                build/stm32f0xx_hal_gpio.o
                                                  build/main.o
HAL_GPIO_WritePin                                 build/stm32f0xx_hal_gpio.o
                                                  build/gpio.o
HAL_GetDEVID                                      build/stm32f0xx_hal.o
HAL_GetHalVersion                                 build/stm32f0xx_hal.o
HAL_GetREVID                                      build/stm32f0xx_hal.o
HAL_GetTick                                       build/stm32f0xx_hal.o
                                                  build/stm32f0xx_hal_flash.o
                                                  build/stm32f0xx_hal_dma.o
                                                  build/stm32f0xx_hal_i2c.o
                                                  build/stm32f0xx_hal_rcc_ex.o
                                                  build/stm32f0xx_hal_rcc.o
                                                  build/main.o
HAL_GetUIDw0                                      build/stm32f0xx_hal.o
HAL_GetUIDw1                                      build/stm32f0xx_hal.o
HAL_GetUIDw2                                      build/stm32f0xx_hal.o
HAL_I2CEx_ConfigAnalogFilter                      build/stm32f0xx_hal_i2c_ex.o
HAL_I2CEx_ConfigDigitalFilter                     build/stm32f0xx_hal_i2c_ex.o
HAL_I2CEx_DisableFastModePlus                     build/stm32f0xx_hal_i2c_ex.o
HAL_I2CEx_DisableWakeUp                           build/stm32f0xx_hal_i2c_ex.o
HAL_I2CEx_EnableFastModePlus                      build/stm32f0xx_hal_i2c_ex.o
HAL_I2CEx_EnableWakeUp                            build/stm32f0xx_hal_i2c_ex.o
HAL_I2C_AbortCpltCallback                         build/stm32f0xx_hal_i2c.o
HAL_I2C_AddrCallback                              build/stm32f0xx_hal_i2c.o
HAL_I2C_DeInit                                    build/stm32f0xx_hal_i2c.o
HAL_I2C_DisableListen_IT                          build/stm32f0xx_hal_i2c.o
HAL_I2C_ER_IRQHandler                             build/stm32f0xx_hal_i2c.o
HAL_I2C_EV_IRQHandler                             build/stm32f0xx_hal_i2c.o
HAL_I2C_EnableListen_IT                           build/stm32f0xx_hal_i2c.o
HAL_I2C_ErrorCallback                             build/stm32f0xx_hal_i2c.o
HAL_I2C_GetError                                  build/stm32f0xx_hal_i2c.o
HAL_I2C_GetMode                                   build/stm32f0xx_hal_i2c.o
HAL_I2C_GetState                                  build/stm32f0xx_hal_i2c.o
HAL_I2C_Init                                      build/stm32f0xx_hal_i2c.o
HAL_I2C_IsDeviceReady                             build/stm32f0xx_hal_i2c.o
HAL_I2C_ListenCpltCallback                        build/stm32f0xx_hal_i2c.o
HAL_I2C_MasterRxCpltCallback                      build/stm32f0xx_hal_i2c.o
HAL_I2C_MasterTxCpltCallback                      build/stm32f0xx_hal_i2c.o
HAL_I2C_Master_Abort_IT                           build/stm32f0xx_hal_i2c.o
HAL_I2C_Master_Receive                            build/stm32f0xx_hal_i2c.o
HAL_I2C_Master_Receive_DMA                        build/stm32f0xx_hal_i2c.o
HAL_I2C_Master_Receive_IT                         build/stm32f0xx_hal_i2c.o
HAL_I2C_Master_Sequential_Receive_IT              build/stm32f0xx_hal_i2c.o
HAL_I2C_Master_Sequential_Transmit_IT             build/stm32f0xx_hal_i2c.o
HAL_I2C_Master_Transmit                           build/stm32f0xx_hal_i2c.o
HAL_I2C_Master_Transmit_DMA                       build/stm32f0xx_hal_i2c.o
HAL_I2C_Master_Transmit_IT                        build/stm32f0xx_hal_i2c.o
HAL_I2C_MemRxCpltCallback                         build/stm32f0xx_hal_i2c.o
HAL_I2C_MemTxCpltCallback                         build/stm32f0xx_hal_i2c.o
HAL_I2C_Mem_Read                                  build/stm32f0xx_hal_i2c.o
HAL_I2C_Mem_Read_DMA                              build/stm32f0xx_hal_i2c.o
HAL_I2C_Mem_Read_IT                               build/stm32f0xx_hal_i2c.o
HAL_I2C_Mem_Write                                 build/stm32f0xx_hal_i2c.o
HAL_I2C_Mem_Write_DMA                             build/stm32f0xx_hal_i2c.o
HAL_I2C_Mem_Write_IT                              build/stm32f0xx_hal_i2c.o
HAL_I2C_MspDeInit                                 build/stm32f0xx_hal_i2c.o
HAL_I2C_MspInit                                   build/stm32f0xx_hal_i2c.o
HAL_I2C_SlaveRxCpltCallback                       build/stm32f0xx_hal_i2c.o
HAL_I2C_SlaveTxCpltCallback                       build/stm32f0xx_hal_i2c.o
HAL_I2C_Slave_Receive                             build/stm32f0xx_hal_i2c.o
HAL_I2C_Slave_Receive_DMA                         build/stm32f0xx_hal_i2c.o
HAL_I2C_Slave_Receive_IT                          build/stm32f0xx_hal_i2c.o
HAL_I2C_Slave_Sequential_Receive_IT               build/stm32f0xx_hal_i2c.o
HAL_I2C_Slave_Sequential_Transmit_IT              build/stm32f0xx_hal_i2c.o
HAL_I2C_Slave_Transmit                            build/stm32f0xx_hal_i2c.o
HAL_I2C_Slave_Transmit_DMA                        build/stm32f0xx_hal_i2c.o
HAL_I2C_Slave_Transmit_IT                         build/stm32f0xx_hal_i2c.o
HAL_IncTick                                       build/stm32f0xx_hal.o
                                                  build/stm32f0xx_it.o
HAL_Init                                          build/stm32f0xx_hal.o
                                                  build/main.o
HAL_InitTick                                      build/stm32f0xx_hal.o
                                                  build/stm32f0xx_hal_rcc.o
HAL_MspDeInit                                     build/stm32f0xx_hal.o
HAL_MspInit                                       build/stm32f0xx_hal_msp.o
HAL_NVIC_ClearPendingIRQ                          build/stm32f0xx_hal_cortex.o
HAL_NVIC_DisableIRQ                               build/stm32f0xx_hal_cortex.o
HAL_NVIC_EnableIRQ                                build/stm32f0xx_hal_cortex.o
HAL_NVIC_GetPendingIRQ                            build/stm32f0xx_hal_cortex.o
HAL_NVIC_GetPriority                              build/stm32f0xx_hal_cortex.o
HAL_NVIC_SetPendingIRQ                            build/stm32f0xx_hal_cortex.o
HAL_NVIC_SetPriority                              build/stm32f0xx_hal_cortex.o
                                                  build/stm32f0xx_hal.o
HAL_NVIC_SystemReset                              build/stm32f0xx_hal_cortex.o
HAL_PWR_ConfigPVD                                 build/stm32f0xx_hal_pwr_ex.o
HAL_PWR_DeInit                                    build/stm32f0xx_hal_pwr.o
HAL_PWR_DisableBkUpAccess                         build/stm32f0xx_hal_pwr.o
HAL_PWR_DisablePVD                                build/stm32f0xx_hal_pwr_ex.o
HAL_PWR_DisableSEVOnPend                          build/stm32f0xx_hal_pwr.o
HAL_PWR_DisableSleepOnExit                        build/stm32f0xx_hal_pwr.o
HAL_PWR_DisableWakeUpPin                          build/stm32f0xx_hal_pwr.o
HAL_PWR_EnableBkUpAccess                          build/stm32f0xx_hal_pwr.o
HAL_PWR_EnablePVD                                 build/stm32f0xx_hal_pwr_ex.o
HAL_PWR_EnableSEVOnPend                           build/stm32f0xx_hal_pwr.o
HAL_PWR_EnableSleepOnExit                         build/stm32f0xx_hal_pwr.o
HAL_PWR_EnableWakeUpPin                           build/stm32f0xx_hal_pwr.o
HAL_PWR_EnterSLEEPMode                            build/stm32f0xx_hal_pwr.o
HAL_PWR_EnterSTANDBYMode                          build/stm32f0xx_hal_pwr.o
HAL_PWR_EnterSTOPMode                             build/stm32f0xx_hal_pwr.o
HAL_PWR_PVDCallback                               build/stm32f0xx_hal_pwr_ex.o
HAL_PWR_PVD_IRQHandler                            build/stm32f0xx_hal_pwr_ex.o
HAL_RCCEx_GetPeriphCLKConfig                      build/stm32f0xx_hal_rcc_ex.o
HAL_RCCEx_GetPeriphCLKFreq                        build/stm32f0xx_hal_rcc_ex.o
HAL_RCCEx_PeriphCLKConfig                         build/stm32f0xx_hal_rcc_ex.o
HAL_RCC_CSSCallback                               build/stm32f0xx_hal_rcc.o
HAL_RCC_ClockConfig                               build/stm32f0xx_hal_rcc.o
                                                  build/main.o
HAL_RCC_DeInit                                    build/stm32f0xx_hal_rcc.o
HAL_RCC_DisableCSS                                build/stm32f0xx_hal_rcc.o
HAL_RCC_EnableCSS                                 build/stm32f0xx_hal_rcc.o
HAL_RCC_GetClockConfig                            build/stm32f0xx_hal_rcc.o
HAL_RCC_GetHCLKFreq                               build/stm32f0xx_hal_rcc.o
                                                  build/stm32f0xx_hal.o
HAL_RCC_GetOscConfig                              build/stm32f0xx_hal_rcc.o
HAL_RCC_GetPCLK1Freq                              build/stm32f0xx_hal_rcc.o
                                                  build/stm32f0xx_hal_rcc_ex.o
HAL_RCC_GetSysClockFreq                           build/stm32f0xx_hal_rcc.o
                                                  build/stm32f0xx_hal_rcc_ex.o
HAL_RCC_MCOConfig                                 build/stm32f0xx_hal_rcc.o
HAL_RCC_NMI_IRQHandler                            build/stm32f0xx_hal_rcc.o
HAL_RCC_OscConfig                                 build/stm32f0xx_hal_rcc.o
                                                  build/main.o
HAL_ResumeTick                                    build/stm32f0xx_hal.o
HAL_SYSTICK_CLKSourceConfig                       build/stm32f0xx_hal_cortex.o
HAL_SYSTICK_Callback                              build/stm32f0xx_hal_cortex.o
HAL_SYSTICK_Config                                build/stm32f0xx_hal_cortex.o
                                                  build/stm32f0xx_hal.o
HAL_SYSTICK_IRQHandler                            build/stm32f0xx_hal_cortex.o
HAL_SuspendTick                                   build/stm32f0xx_hal.o
HardFault_Handler                                 build/stm32f0xx_it.o
I2C1_IRQHandler                                   build/startup_stm32f051x8.o
I2C2_IRQHandler                                   build/startup_stm32f051x8.o
MX_GPIO_Init                                      build/gpio.o
                                                  build/main.o
NMI_Handler                                       build/stm32f0xx_it.o
PVD_IRQHandler                                    build/startup_stm32f051x8.o
PendSV_Handler                                    build/stm32f0xx_it.o
RCC_CRS_IRQHandler                                build/startup_stm32f051x8.o
RTC_IRQHandler                                    build/startup_stm32f051x8.o
Reset_Handler                                     build/startup_stm32f051x8.o
SPI1_IRQHandler                                   build/startup_stm32f051x8.o
SPI2_IRQHandler                                   build/startup_stm32f051x8.o
SVC_Handler                                       build/stm32f0xx_it.o
SysTick_Handler                                   build/stm32f0xx_it.o
SystemClock_Config                                build/main.o
SystemCoreClock                                   build/system_stm32f0xx.o
                                                  build/stm32f0xx_hal_rcc.o
SystemCoreClockUpdate                             build/system_stm32f0xx.o
SystemInit                                        build/system_stm32f0xx.o
                                                  build/startup_stm32f051x8.o
TIM14_IRQHandler                                  build/startup_stm32f051x8.o
TIM15_IRQHandler                                  build/startup_stm32f051x8.o
TIM16_IRQHandler                                  build/startup_stm32f051x8.o
TIM17_IRQHandler                                  build/startup_stm32f051x8.o
TIM1_BRK_UP_TRG_COM_IRQHandler                    build/startup_stm32f051x8.o
TIM1_CC_IRQHandler                                build/startup_stm32f051x8.o
TIM2_IRQHandler                                   build/startup_stm32f051x8.o
TIM3_IRQHandler                                   build/startup_stm32f051x8.o
TIM6_DAC_IRQHandler                               build/startup_stm32f051x8.o
TSC_IRQHandler                                    build/startup_stm32f051x8.o
USART1_IRQHandler                                 build/startup_stm32f051x8.o
USART2_IRQHandler                                 build/startup_stm32f051x8.o
WWDG_IRQHandler                                   build/startup_stm32f051x8.o
_ITM_deregisterTMCloneTable                       c:/users/domen/appdata/roaming/gnu mcu eclipse/arm embedded gcc/7.3.1-1.1-20180724-0637/bin/../lib/gcc/arm-none-eabi/7.3.1/thumb/v6-m/crtbegin.o
_ITM_registerTMCloneTable                         c:/users/domen/appdata/roaming/gnu mcu eclipse/arm embedded gcc/7.3.1-1.1-20180724-0637/bin/../lib/gcc/arm-none-eabi/7.3.1/thumb/v6-m/crtbegin.o
__TMC_END__                                       c:/users/domen/appdata/roaming/gnu mcu eclipse/arm embedded gcc/7.3.1-1.1-20180724-0637/bin/../lib/gcc/arm-none-eabi/7.3.1/thumb/v6-m/crtend.o
                                                  c:/users/domen/appdata/roaming/gnu mcu eclipse/arm embedded gcc/7.3.1-1.1-20180724-0637/bin/../lib/gcc/arm-none-eabi/7.3.1/thumb/v6-m/crtbegin.o
__aeabi_idiv0                                     c:/users/domen/appdata/roaming/gnu mcu eclipse/arm embedded gcc/7.3.1-1.1-20180724-0637/bin/../lib/gcc/arm-none-eabi/7.3.1/thumb/v6-m\libgcc.a(_dvmd_tls.o)
                                                  c:/users/domen/appdata/roaming/gnu mcu eclipse/arm embedded gcc/7.3.1-1.1-20180724-0637/bin/../lib/gcc/arm-none-eabi/7.3.1/thumb/v6-m\libgcc.a(_udivsi3.o)
__aeabi_ldiv0                                     c:/users/domen/appdata/roaming/gnu mcu eclipse/arm embedded gcc/7.3.1-1.1-20180724-0637/bin/../lib/gcc/arm-none-eabi/7.3.1/thumb/v6-m\libgcc.a(_dvmd_tls.o)
__aeabi_uidiv                                     c:/users/domen/appdata/roaming/gnu mcu eclipse/arm embedded gcc/7.3.1-1.1-20180724-0637/bin/../lib/gcc/arm-none-eabi/7.3.1/thumb/v6-m\libgcc.a(_udivsi3.o)
                                                  build/system_stm32f0xx.o
                                                  build/stm32f0xx_hal_dma.o
                                                  build/stm32f0xx_hal.o
                                                  build/stm32f0xx_hal_rcc.o
__aeabi_uidivmod                                  c:/users/domen/appdata/roaming/gnu mcu eclipse/arm embedded gcc/7.3.1-1.1-20180724-0637/bin/../lib/gcc/arm-none-eabi/7.3.1/thumb/v6-m\libgcc.a(_udivsi3.o)
__bss_end__                                       c:/users/domen/appdata/roaming/gnu mcu eclipse/arm embedded gcc/7.3.1-1.1-20180724-0637/bin/../lib/gcc/arm-none-eabi/7.3.1/../../../../arm-none-eabi/lib/thumb/v6-m/crt0.o
__bss_start__                                     c:/users/domen/appdata/roaming/gnu mcu eclipse/arm embedded gcc/7.3.1-1.1-20180724-0637/bin/../lib/gcc/arm-none-eabi/7.3.1/../../../../arm-none-eabi/lib/thumb/v6-m/crt0.o
__call_exitprocs                                  c:/users/domen/appdata/roaming/gnu mcu eclipse/arm embedded gcc/7.3.1-1.1-20180724-0637/bin/../lib/gcc/arm-none-eabi/7.3.1/../../../../arm-none-eabi/lib/thumb/v6-m\libc_nano.a(lib_a-exit.o)
__deregister_frame_info                           c:/users/domen/appdata/roaming/gnu mcu eclipse/arm embedded gcc/7.3.1-1.1-20180724-0637/bin/../lib/gcc/arm-none-eabi/7.3.1/thumb/v6-m/crtbegin.o
__dso_handle                                      c:/users/domen/appdata/roaming/gnu mcu eclipse/arm embedded gcc/7.3.1-1.1-20180724-0637/bin/../lib/gcc/arm-none-eabi/7.3.1/thumb/v6-m/crtbegin.o
__init_array_end                                  c:/users/domen/appdata/roaming/gnu mcu eclipse/arm embedded gcc/7.3.1-1.1-20180724-0637/bin/../lib/gcc/arm-none-eabi/7.3.1/../../../../arm-none-eabi/lib/thumb/v6-m\libc_nano.a(lib_a-init.o)
__init_array_start                                c:/users/domen/appdata/roaming/gnu mcu eclipse/arm embedded gcc/7.3.1-1.1-20180724-0637/bin/../lib/gcc/arm-none-eabi/7.3.1/../../../../arm-none-eabi/lib/thumb/v6-m\libc_nano.a(lib_a-init.o)
__libc_fini_array                                 c:/users/domen/appdata/roaming/gnu mcu eclipse/arm embedded gcc/7.3.1-1.1-20180724-0637/bin/../lib/gcc/arm-none-eabi/7.3.1/../../../../arm-none-eabi/lib/thumb/v6-m/crt0.o
__libc_init_array                                 c:/users/domen/appdata/roaming/gnu mcu eclipse/arm embedded gcc/7.3.1-1.1-20180724-0637/bin/../lib/gcc/arm-none-eabi/7.3.1/../../../../arm-none-eabi/lib/thumb/v6-m\libc_nano.a(lib_a-init.o)
                                                  build/startup_stm32f051x8.o
                                                  c:/users/domen/appdata/roaming/gnu mcu eclipse/arm embedded gcc/7.3.1-1.1-20180724-0637/bin/../lib/gcc/arm-none-eabi/7.3.1/../../../../arm-none-eabi/lib/thumb/v6-m/crt0.o
__preinit_array_end                               c:/users/domen/appdata/roaming/gnu mcu eclipse/arm embedded gcc/7.3.1-1.1-20180724-0637/bin/../lib/gcc/arm-none-eabi/7.3.1/../../../../arm-none-eabi/lib/thumb/v6-m\libc_nano.a(lib_a-init.o)
__preinit_array_start                             c:/users/domen/appdata/roaming/gnu mcu eclipse/arm embedded gcc/7.3.1-1.1-20180724-0637/bin/../lib/gcc/arm-none-eabi/7.3.1/../../../../arm-none-eabi/lib/thumb/v6-m\libc_nano.a(lib_a-init.o)
__register_frame_info                             c:/users/domen/appdata/roaming/gnu mcu eclipse/arm embedded gcc/7.3.1-1.1-20180724-0637/bin/../lib/gcc/arm-none-eabi/7.3.1/thumb/v6-m/crtbegin.o
__sf_fake_stderr                                  c:/users/domen/appdata/roaming/gnu mcu eclipse/arm embedded gcc/7.3.1-1.1-20180724-0637/bin/../lib/gcc/arm-none-eabi/7.3.1/../../../../arm-none-eabi/lib/thumb/v6-m\libc_nano.a(lib_a-impure.o)
__sf_fake_stdin                                   c:/users/domen/appdata/roaming/gnu mcu eclipse/arm embedded gcc/7.3.1-1.1-20180724-0637/bin/../lib/gcc/arm-none-eabi/7.3.1/../../../../arm-none-eabi/lib/thumb/v6-m\libc_nano.a(lib_a-impure.o)
__sf_fake_stdout                                  c:/users/domen/appdata/roaming/gnu mcu eclipse/arm embedded gcc/7.3.1-1.1-20180724-0637/bin/../lib/gcc/arm-none-eabi/7.3.1/../../../../arm-none-eabi/lib/thumb/v6-m\libc_nano.a(lib_a-impure.o)
__stack                                           c:/users/domen/appdata/roaming/gnu mcu eclipse/arm embedded gcc/7.3.1-1.1-20180724-0637/bin/../lib/gcc/arm-none-eabi/7.3.1/../../../../arm-none-eabi/lib/thumb/v6-m/crt0.o
__udivsi3                                         c:/users/domen/appdata/roaming/gnu mcu eclipse/arm embedded gcc/7.3.1-1.1-20180724-0637/bin/../lib/gcc/arm-none-eabi/7.3.1/thumb/v6-m\libgcc.a(_udivsi3.o)
_ebss                                             build/startup_stm32f051x8.o
_edata                                            build/startup_stm32f051x8.o
_estack                                           build/startup_stm32f051x8.o
_exit                                             c:/users/domen/appdata/roaming/gnu mcu eclipse/arm embedded gcc/7.3.1-1.1-20180724-0637/bin/../lib/gcc/arm-none-eabi/7.3.1/../../../../arm-none-eabi/lib/thumb/v6-m\libnosys.a(_exit.o)
                                                  c:/users/domen/appdata/roaming/gnu mcu eclipse/arm embedded gcc/7.3.1-1.1-20180724-0637/bin/../lib/gcc/arm-none-eabi/7.3.1/../../../../arm-none-eabi/lib/thumb/v6-m\libc_nano.a(lib_a-exit.o)
_fini                                             c:/users/domen/appdata/roaming/gnu mcu eclipse/arm embedded gcc/7.3.1-1.1-20180724-0637/bin/../lib/gcc/arm-none-eabi/7.3.1/thumb/v6-m/crti.o
_global_impure_ptr                                c:/users/domen/appdata/roaming/gnu mcu eclipse/arm embedded gcc/7.3.1-1.1-20180724-0637/bin/../lib/gcc/arm-none-eabi/7.3.1/../../../../arm-none-eabi/lib/thumb/v6-m\libc_nano.a(lib_a-impure.o)
                                                  c:/users/domen/appdata/roaming/gnu mcu eclipse/arm embedded gcc/7.3.1-1.1-20180724-0637/bin/../lib/gcc/arm-none-eabi/7.3.1/../../../../arm-none-eabi/lib/thumb/v6-m\libc_nano.a(lib_a-exit.o)
_impure_ptr                                       c:/users/domen/appdata/roaming/gnu mcu eclipse/arm embedded gcc/7.3.1-1.1-20180724-0637/bin/../lib/gcc/arm-none-eabi/7.3.1/../../../../arm-none-eabi/lib/thumb/v6-m\libc_nano.a(lib_a-impure.o)
_init                                             c:/users/domen/appdata/roaming/gnu mcu eclipse/arm embedded gcc/7.3.1-1.1-20180724-0637/bin/../lib/gcc/arm-none-eabi/7.3.1/thumb/v6-m/crti.o
                                                  c:/users/domen/appdata/roaming/gnu mcu eclipse/arm embedded gcc/7.3.1-1.1-20180724-0637/bin/../lib/gcc/arm-none-eabi/7.3.1/../../../../arm-none-eabi/lib/thumb/v6-m\libc_nano.a(lib_a-init.o)
_mainCRTStartup                                   c:/users/domen/appdata/roaming/gnu mcu eclipse/arm embedded gcc/7.3.1-1.1-20180724-0637/bin/../lib/gcc/arm-none-eabi/7.3.1/../../../../arm-none-eabi/lib/thumb/v6-m/crt0.o
_sbss                                             build/startup_stm32f051x8.o
_sdata                                            build/startup_stm32f051x8.o
_sidata                                           build/startup_stm32f051x8.o
_start                                            c:/users/domen/appdata/roaming/gnu mcu eclipse/arm embedded gcc/7.3.1-1.1-20180724-0637/bin/../lib/gcc/arm-none-eabi/7.3.1/../../../../arm-none-eabi/lib/thumb/v6-m/crt0.o
assert_failed                                     build/main.o
                                                  build/stm32f0xx_hal_flash_ex.o
                                                  build/stm32f0xx_hal_flash.o
                                                  build/stm32f0xx_hal_pwr_ex.o
                                                  build/stm32f0xx_hal_pwr.o
                                                  build/stm32f0xx_hal_cortex.o
                                                  build/stm32f0xx_hal_dma.o
                                                  build/stm32f0xx_hal_gpio.o
                                                  build/stm32f0xx_hal_i2c_ex.o
                                                  build/stm32f0xx_hal_i2c.o
                                                  build/stm32f0xx_hal_rcc_ex.o
                                                  build/stm32f0xx_hal_rcc.o
atexit                                            c:/users/domen/appdata/roaming/gnu mcu eclipse/arm embedded gcc/7.3.1-1.1-20180724-0637/bin/../lib/gcc/arm-none-eabi/7.3.1/../../../../arm-none-eabi/lib/thumb/v6-m/crt0.o
exit                                              c:/users/domen/appdata/roaming/gnu mcu eclipse/arm embedded gcc/7.3.1-1.1-20180724-0637/bin/../lib/gcc/arm-none-eabi/7.3.1/../../../../arm-none-eabi/lib/thumb/v6-m\libc_nano.a(lib_a-exit.o)
                                                  c:/users/domen/appdata/roaming/gnu mcu eclipse/arm embedded gcc/7.3.1-1.1-20180724-0637/bin/../lib/gcc/arm-none-eabi/7.3.1/../../../../arm-none-eabi/lib/thumb/v6-m/crt0.o
g_pfnVectors                                      build/startup_stm32f051x8.o
hardware_init_hook                                c:/users/domen/appdata/roaming/gnu mcu eclipse/arm embedded gcc/7.3.1-1.1-20180724-0637/bin/../lib/gcc/arm-none-eabi/7.3.1/../../../../arm-none-eabi/lib/thumb/v6-m/crt0.o
main                                              build/main.o
                                                  build/startup_stm32f051x8.o
                                                  c:/users/domen/appdata/roaming/gnu mcu eclipse/arm embedded gcc/7.3.1-1.1-20180724-0637/bin/../lib/gcc/arm-none-eabi/7.3.1/../../../../arm-none-eabi/lib/thumb/v6-m/crt0.o
memset                                            c:/users/domen/appdata/roaming/gnu mcu eclipse/arm embedded gcc/7.3.1-1.1-20180724-0637/bin/../lib/gcc/arm-none-eabi/7.3.1/../../../../arm-none-eabi/lib/thumb/v6-m\libc_nano.a(lib_a-memset.o)
                                                  build/gpio.o
                                                  build/main.o
                                                  c:/users/domen/appdata/roaming/gnu mcu eclipse/arm embedded gcc/7.3.1-1.1-20180724-0637/bin/../lib/gcc/arm-none-eabi/7.3.1/../../../../arm-none-eabi/lib/thumb/v6-m/crt0.o
pFlash                                            build/stm32f0xx_hal_flash.o
                                                  build/stm32f0xx_hal_flash_ex.o
software_init_hook                                c:/users/domen/appdata/roaming/gnu mcu eclipse/arm embedded gcc/7.3.1-1.1-20180724-0637/bin/../lib/gcc/arm-none-eabi/7.3.1/../../../../arm-none-eabi/lib/thumb/v6-m/crt0.o
uwTick                                            build/stm32f0xx_hal.o
